Archive member included to satisfy reference by file (symbol)

d:/set stm32/stm32cubeide_1.7.0/stm32cubeide/plugins/com.st.stm32cube.ide.mcu.externaltools.gnu-tools-for-stm32.9-2020-q2-update.win32_2.0.0.202105311346/tools/bin/../lib/gcc/arm-none-eabi/9.3.1/../../../../arm-none-eabi/lib/thumb/v7e-m+fp/hard\libc_nano.a(lib_a-errno.o)
                              ./Core/Src/syscalls.o (__errno)
d:/set stm32/stm32cubeide_1.7.0/stm32cubeide/plugins/com.st.stm32cube.ide.mcu.externaltools.gnu-tools-for-stm32.9-2020-q2-update.win32_2.0.0.202105311346/tools/bin/../lib/gcc/arm-none-eabi/9.3.1/../../../../arm-none-eabi/lib/thumb/v7e-m+fp/hard\libc_nano.a(lib_a-exit.o)
                              d:/set stm32/stm32cubeide_1.7.0/stm32cubeide/plugins/com.st.stm32cube.ide.mcu.externaltools.gnu-tools-for-stm32.9-2020-q2-update.win32_2.0.0.202105311346/tools/bin/../lib/gcc/arm-none-eabi/9.3.1/../../../../arm-none-eabi/lib/thumb/v7e-m+fp/hard/crt0.o (exit)
d:/set stm32/stm32cubeide_1.7.0/stm32cubeide/plugins/com.st.stm32cube.ide.mcu.externaltools.gnu-tools-for-stm32.9-2020-q2-update.win32_2.0.0.202105311346/tools/bin/../lib/gcc/arm-none-eabi/9.3.1/../../../../arm-none-eabi/lib/thumb/v7e-m+fp/hard\libc_nano.a(lib_a-impure.o)
                              d:/set stm32/stm32cubeide_1.7.0/stm32cubeide/plugins/com.st.stm32cube.ide.mcu.externaltools.gnu-tools-for-stm32.9-2020-q2-update.win32_2.0.0.202105311346/tools/bin/../lib/gcc/arm-none-eabi/9.3.1/../../../../arm-none-eabi/lib/thumb/v7e-m+fp/hard\libc_nano.a(lib_a-exit.o) (_global_impure_ptr)
d:/set stm32/stm32cubeide_1.7.0/stm32cubeide/plugins/com.st.stm32cube.ide.mcu.externaltools.gnu-tools-for-stm32.9-2020-q2-update.win32_2.0.0.202105311346/tools/bin/../lib/gcc/arm-none-eabi/9.3.1/../../../../arm-none-eabi/lib/thumb/v7e-m+fp/hard\libc_nano.a(lib_a-init.o)
                              d:/set stm32/stm32cubeide_1.7.0/stm32cubeide/plugins/com.st.stm32cube.ide.mcu.externaltools.gnu-tools-for-stm32.9-2020-q2-update.win32_2.0.0.202105311346/tools/bin/../lib/gcc/arm-none-eabi/9.3.1/../../../../arm-none-eabi/lib/thumb/v7e-m+fp/hard/crt0.o (__libc_init_array)
d:/set stm32/stm32cubeide_1.7.0/stm32cubeide/plugins/com.st.stm32cube.ide.mcu.externaltools.gnu-tools-for-stm32.9-2020-q2-update.win32_2.0.0.202105311346/tools/bin/../lib/gcc/arm-none-eabi/9.3.1/../../../../arm-none-eabi/lib/thumb/v7e-m+fp/hard\libc_nano.a(lib_a-memset.o)
                              d:/set stm32/stm32cubeide_1.7.0/stm32cubeide/plugins/com.st.stm32cube.ide.mcu.externaltools.gnu-tools-for-stm32.9-2020-q2-update.win32_2.0.0.202105311346/tools/bin/../lib/gcc/arm-none-eabi/9.3.1/../../../../arm-none-eabi/lib/thumb/v7e-m+fp/hard/crt0.o (memset)
d:/set stm32/stm32cubeide_1.7.0/stm32cubeide/plugins/com.st.stm32cube.ide.mcu.externaltools.gnu-tools-for-stm32.9-2020-q2-update.win32_2.0.0.202105311346/tools/bin/../lib/gcc/arm-none-eabi/9.3.1/../../../../arm-none-eabi/lib/thumb/v7e-m+fp/hard\libc_nano.a(lib_a-nano-vfprintf_float.o)
                              (_printf_float)
d:/set stm32/stm32cubeide_1.7.0/stm32cubeide/plugins/com.st.stm32cube.ide.mcu.externaltools.gnu-tools-for-stm32.9-2020-q2-update.win32_2.0.0.202105311346/tools/bin/../lib/gcc/arm-none-eabi/9.3.1/../../../../arm-none-eabi/lib/thumb/v7e-m+fp/hard\libc_nano.a(lib_a-nano-vfprintf_i.o)
                              d:/set stm32/stm32cubeide_1.7.0/stm32cubeide/plugins/com.st.stm32cube.ide.mcu.externaltools.gnu-tools-for-stm32.9-2020-q2-update.win32_2.0.0.202105311346/tools/bin/../lib/gcc/arm-none-eabi/9.3.1/../../../../arm-none-eabi/lib/thumb/v7e-m+fp/hard\libc_nano.a(lib_a-nano-vfprintf_float.o) (_printf_common)
d:/set stm32/stm32cubeide_1.7.0/stm32cubeide/plugins/com.st.stm32cube.ide.mcu.externaltools.gnu-tools-for-stm32.9-2020-q2-update.win32_2.0.0.202105311346/tools/bin/../lib/gcc/arm-none-eabi/9.3.1/../../../../arm-none-eabi/lib/thumb/v7e-m+fp/hard\libc_nano.a(lib_a-sprintf.o)
                              ./Core/Src/uart.o (sprintf)
d:/set stm32/stm32cubeide_1.7.0/stm32cubeide/plugins/com.st.stm32cube.ide.mcu.externaltools.gnu-tools-for-stm32.9-2020-q2-update.win32_2.0.0.202105311346/tools/bin/../lib/gcc/arm-none-eabi/9.3.1/../../../../arm-none-eabi/lib/thumb/v7e-m+fp/hard\libc_nano.a(lib_a-strlen.o)
                              ./Core/Src/lcd.o (strlen)
d:/set stm32/stm32cubeide_1.7.0/stm32cubeide/plugins/com.st.stm32cube.ide.mcu.externaltools.gnu-tools-for-stm32.9-2020-q2-update.win32_2.0.0.202105311346/tools/bin/../lib/gcc/arm-none-eabi/9.3.1/../../../../arm-none-eabi/lib/thumb/v7e-m+fp/hard\libc_nano.a(lib_a-dtoa.o)
                              d:/set stm32/stm32cubeide_1.7.0/stm32cubeide/plugins/com.st.stm32cube.ide.mcu.externaltools.gnu-tools-for-stm32.9-2020-q2-update.win32_2.0.0.202105311346/tools/bin/../lib/gcc/arm-none-eabi/9.3.1/../../../../arm-none-eabi/lib/thumb/v7e-m+fp/hard\libc_nano.a(lib_a-nano-vfprintf_float.o) (_dtoa_r)
[...]
Memory Configuration

Name             Origin             Length             Attributes
CCMRAM           0x0000000010000000 0x0000000000010000 xrw
RAM              0x0000000020000000 0x0000000000020000 xrw
FLASH            0x0000000008000000 0x0000000000080000 xr
*default*        0x0000000000000000 0xffffffffffffffff

Linker script and memory map

LOAD d:/set stm32/stm32cubeide_1.7.0/stm32cubeide/plugins/com.st.stm32cube.ide.mcu.externaltools.gnu-tools-for-stm32.9-2020-q2-update.win32_2.0.0.202105311346/tools/bin/../lib/gcc/arm-none-eabi/9.3.1/thumb/v7e-m+fp/hard/crti.o
LOAD d:/set stm32/stm32cubeide_1.7.0/stm32cubeide/plugins/com.st.stm32cube.ide.mcu.externaltools.gnu-tools-for-stm32.9-2020-q2-update.win32_2.0.0.202105311346/tools/bin/../lib/gcc/arm-none-eabi/9.3.1/thumb/v7e-m+fp/hard/crtbegin.o
LOAD d:/set stm32/stm32cubeide_1.7.0/stm32cubeide/plugins/com.st.stm32cube.ide.mcu.externaltools.gnu-tools-for-stm32.9-2020-q2-update.win32_2.0.0.202105311346/tools/bin/../lib/gcc/arm-none-eabi/9.3.1/../../../../arm-none-eabi/lib/thumb/v7e-m+fp/hard/crt0.o
LOAD ./Core/Src/adc.o
LOAD ./Core/Src/button.o
LOAD ./Core/Src/buzzer.o
LOAD ./Core/Src/dma.o
LOAD ./Core/Src/ds3231.o
LOAD ./Core/Src/fsmc.o
LOAD ./Core/Src/gpio.o
LOAD ./Core/Src/i2c.o
LOAD ./Core/Src/lcd.o
LOAD ./Core/Src/led7seg.o
LOAD ./Core/Src/main.o
LOAD ./Core/Src/picture.o
LOAD ./Core/Src/sensor.o
LOAD ./Core/Src/sim.o
LOAD ./Core/Src/software_timer.o
LOAD ./Core/Src/spi.o
LOAD ./Core/Src/stm32f4xx_hal_msp.o
LOAD ./Core/Src/stm32f4xx_it.o
LOAD ./Core/Src/syscalls.o
LOAD ./Core/Src/sysmem.o
LOAD ./Core/Src/system_stm32f4xx.o
LOAD ./Core/Src/tim.o
LOAD ./Core/Src/uart.o
LOAD ./Core/Src/usart.o
LOAD ./Core/Src/utils.o
LOAD ./Core/Startup/startup_stm32f407zetx.o
LOAD ./Drivers/STM32F4xx_HAL_Driver/Src/stm32f4xx_hal.o
LOAD ./Drivers/STM32F4xx_HAL_Driver/Src/stm32f4xx_hal_adc.o
LOAD ./Drivers/STM32F4xx_HAL_Driver/Src/stm32f4xx_hal_adc_ex.o
LOAD ./Drivers/STM32F4xx_HAL_Driver/Src/stm32f4xx_hal_cortex.o
LOAD ./Drivers/STM32F4xx_HAL_Driver/Src/stm32f4xx_hal_dma.o
LOAD ./Drivers/STM32F4xx_HAL_Driver/Src/stm32f4xx_hal_dma_ex.o
LOAD ./Drivers/STM32F4xx_HAL_Driver/Src/stm32f4xx_hal_exti.o
LOAD ./Drivers/STM32F4xx_HAL_Driver/Src/stm32f4xx_hal_flash.o
LOAD ./Drivers/STM32F4xx_HAL_Driver/Src/stm32f4xx_hal_flash_ex.o
LOAD ./Drivers/STM32F4xx_HAL_Driver/Src/stm32f4xx_hal_flash_ramfunc.o
LOAD ./Drivers/STM32F4xx_HAL_Driver/Src/stm32f4xx_hal_gpio.o
LOAD ./Drivers/STM32F4xx_HAL_Driver/Src/stm32f4xx_hal_i2c.o
LOAD ./Drivers/STM32F4xx_HAL_Driver/Src/stm32f4xx_hal_i2c_ex.o
LOAD ./Drivers/STM32F4xx_HAL_Driver/Src/stm32f4xx_hal_pwr.o
LOAD ./Drivers/STM32F4xx_HAL_Driver/Src/stm32f4xx_hal_pwr_ex.o
LOAD ./Drivers/STM32F4xx_HAL_Driver/Src/stm32f4xx_hal_rcc.o
LOAD ./Drivers/STM32F4xx_HAL_Driver/Src/stm32f4xx_hal_rcc_ex.o
LOAD ./Drivers/STM32F4xx_HAL_Driver/Src/stm32f4xx_hal_spi.o
LOAD ./Drivers/STM32F4xx_HAL_Driver/Src/stm32f4xx_hal_sram.o
LOAD ./Drivers/STM32F4xx_HAL_Driver/Src/stm32f4xx_hal_tim.o
LOAD ./Drivers/STM32F4xx_HAL_Driver/Src/stm32f4xx_hal_tim_ex.o
LOAD ./Drivers/STM32F4xx_HAL_Driver/Src/stm32f4xx_hal_uart.o
LOAD ./Drivers/STM32F4xx_HAL_Driver/Src/stm32f4xx_ll_adc.o
LOAD ./Drivers/STM32F4xx_HAL_Driver/Src/stm32f4xx_ll_fsmc.o
START GROUP
LOAD d:/set stm32/stm32cubeide_1.7.0/stm32cubeide/plugins/com.st.stm32cube.ide.mcu.externaltools.gnu-tools-for-stm32.9-2020-q2-update.win32_2.0.0.202105311346/tools/bin/../lib/gcc/arm-none-eabi/9.3.1/../../../../arm-none-eabi/lib/thumb/v7e-m+fp/hard\libc_nano.a
LOAD d:/set stm32/stm32cubeide_1.7.0/stm32cubeide/plugins/com.st.stm32cube.ide.mcu.externaltools.gnu-tools-for-stm32.9-2020-q2-update.win32_2.0.0.202105311346/tools/bin/../lib/gcc/arm-none-eabi/9.3.1/../../../../arm-none-eabi/lib/thumb/v7e-m+fp/hard\libm.a
END GROUP
START GROUP
LOAD d:/set stm32/stm32cubeide_1.7.0/stm32cubeide/plugins/com.st.stm32cube.ide.mcu.externaltools.gnu-tools-for-stm32.9-2020-q2-update.win32_2.0.0.202105311346/tools/bin/../lib/gcc/arm-none-eabi/9.3.1/thumb/v7e-m+fp/hard\libgcc.a
LOAD d:/set stm32/stm32cubeide_1.7.0/stm32cubeide/plugins/com.st.stm32cube.ide.mcu.externaltools.gnu-tools-for-stm32.9-2020-q2-update.win32_2.0.0.202105311346/tools/bin/../lib/gcc/arm-none-eabi/9.3.1/../../../../arm-none-eabi/lib/thumb/v7e-m+fp/hard\libc_nano.a
END GROUP
START GROUP
LOAD d:/set stm32/stm32cubeide_1.7.0/stm32cubeide/plugins/com.st.stm32cube.ide.mcu.externaltools.gnu-tools-for-stm32.9-2020-q2-update.win32_2.0.0.202105311346/tools/bin/../lib/gcc/arm-none-eabi/9.3.1/thumb/v7e-m+fp/hard\libgcc.a
LOAD d:/set stm32/stm32cubeide_1.7.0/stm32cubeide/plugins/com.st.stm32cube.ide.mcu.externaltools.gnu-tools-for-stm32.9-2020-q2-update.win32_2.0.0.202105311346/tools/bin/../lib/gcc/arm-none-eabi/9.3.1/../../../../arm-none-eabi/lib/thumb/v7e-m+fp/hard\libc_nano.a
LOAD d:/set stm32/stm32cubeide_1.7.0/stm32cubeide/plugins/com.st.stm32cube.ide.mcu.externaltools.gnu-tools-for-stm32.9-2020-q2-update.win32_2.0.0.202105311346/tools/bin/../lib/gcc/arm-none-eabi/9.3.1/../../../../arm-none-eabi/lib/thumb/v7e-m+fp/hard\libnosys.a
END GROUP
START GROUP
LOAD d:/set stm32/stm32cubeide_1.7.0/stm32cubeide/plugins/com.st.stm32cube.ide.mcu.externaltools.gnu-tools-for-stm32.9-2020-q2-update.win32_2.0.0.202105311346/tools/bin/../lib/gcc/arm-none-eabi/9.3.1/thumb/v7e-m+fp/hard\libgcc.a
LOAD d:/set stm32/stm32cubeide_1.7.0/stm32cubeide/plugins/com.st.stm32cube.ide.mcu.externaltools.gnu-tools-for-stm32.9-2020-q2-update.win32_2.0.0.202105311346/tools/bin/../lib/gcc/arm-none-eabi/9.3.1/../../../../arm-none-eabi/lib/thumb/v7e-m+fp/hard\libc_nano.a
LOAD d:/set stm32/stm32cubeide_1.7.0/stm32cubeide/plugins/com.st.stm32cube.ide.mcu.externaltools.gnu-tools-for-stm32.9-2020-q2-update.win32_2.0.0.202105311346/tools/bin/../lib/gcc/arm-none-eabi/9.3.1/../../../../arm-none-eabi/lib/thumb/v7e-m+fp/hard\libnosys.a
END GROUP
LOAD d:/set stm32/stm32cubeide_1.7.0/stm32cubeide/plugins/com.st.stm32cube.ide.mcu.externaltools.gnu-tools-for-stm32.9-2020-q2-update.win32_2.0.0.202105311346/tools/bin/../lib/gcc/arm-none-eabi/9.3.1/thumb/v7e-m+fp/hard/crtend.o
LOAD d:/set stm32/stm32cubeide_1.7.0/stm32cubeide/plugins/com.st.stm32cube.ide.mcu.externaltools.gnu-tools-for-stm32.9-2020-q2-update.win32_2.0.0.202105311346/tools/bin/../lib/gcc/arm-none-eabi/9.3.1/thumb/v7e-m+fp/hard/crtn.o
                0x0000000020020000                _estack = (ORIGIN (RAM) + LENGTH (RAM))
                0x0000000000000200                _Min_Heap_Size = 0x200
                0x0000000000000400                _Min_Stack_Size = 0x400

.isr_vector     0x0000000008000000      0x188
                0x0000000008000000                . = ALIGN (0x4)
 *(.isr_vector)
 .isr_vector    0x0000000008000000      0x188 ./Core/Startup/startup_stm32f407zetx.o
                0x0000000008000000                g_pfnVectors
                0x0000000008000188                . = ALIGN (0x4)

.text           0x0000000008000190     0xc444
                0x0000000008000190                . = ALIGN (0x4)
 *(.text)
 .text          0x0000000008000190       0x40 d:/set stm32/stm32cubeide_1.7.0/stm32cubeide/plugins/com.st.stm32cube.ide.mcu.externaltools.gnu-tools-for-stm32.9-2020-q2-update.win32_2.0.0.202105311346/tools/bin/../lib/gcc/arm-none-eabi/9.3.1/thumb/v7e-m+fp/hard/crtbegin.o
 .text          0x00000000080001d0       0x10 d:/set stm32/stm32cubeide_1.7.0/stm32cubeide/plugins/com.st.stm32cube.ide.mcu.externaltools.gnu-tools-for-stm32.9-2020-q2-update.win32_2.0.0.202105311346/tools/bin/../lib/gcc/arm-none-eabi/9.3.1/../../../../arm-none-eabi/lib/thumb/v7e-m+fp/hard\libc_nano.a(lib_a-strlen.o)
                0x00000000080001d0                strlen
 .text          0x00000000080001e0       0xa0 d:/set stm32/stm32cubeide_1.7.0/stm32cubeide/plugins/com.st.stm32cube.ide.mcu.externaltools.gnu-tools-for-stm32.9-2020-q2-update.win32_2.0.0.202105311346/tools/bin/../lib/gcc/arm-none-eabi/9.3.1/../../../../arm-none-eabi/lib/thumb/v7e-m+fp/hard\libc_nano.a(lib_a-memchr.o)
                0x00000000080001e0                memchr
 .text          0x0000000008000280      0x378 d:/set stm32/stm32cubeide_1.7.0/stm32cubeide/plugins/com.st.stm32cube.ide.mcu.externaltools.gnu-tools-for-stm32.9-2020-q2-update.win32_2.0.0.202105311346/tools/bin/../lib/gcc/arm-none-eabi/9.3.1/thumb/v7e-m+fp/hard\libgcc.a(_arm_addsubdf3.o)
                0x0000000008000280                __aeabi_drsub
                0x0000000008000288                __aeabi_dsub
                0x0000000008000288                __subdf3
                0x000000000800028c                __aeabi_dadd
                0x000000000800028c                __adddf3
                0x0000000008000504                __floatunsidf
                0x0000000008000504                __aeabi_ui2d
                0x0000000008000524                __floatsidf
                0x0000000008000524                __aeabi_i2d
                0x0000000008000548                __aeabi_f2d
                0x0000000008000548                __extendsfdf2
                0x000000000800058c                __floatundidf
                0x000000000800058c                __aeabi_ul2d
                0x000000000800059c                __floatdidf
                0x000000000800059c                __aeabi_l2d
 .text          0x00000000080005f8      0x424 d:/set stm32/stm32cubeide_1.7.0/stm32cubeide/plugins/com.st.stm32cube.ide.mcu.externaltools.gnu-tools-for-stm32.9-2020-q2-update.win32_2.0.0.202105311346/tools/bin/../lib/gcc/arm-none-eabi/9.3.1/thumb/v7e-m+fp/hard\libgcc.a(_arm_muldivdf3.o)
                0x00000000080005f8                __aeabi_dmul
                0x00000000080005f8                __muldf3
                0x000000000800084c                __divdf3
                0x000000000800084c                __aeabi_ddiv
 .text          0x0000000008000a1c      0x110 d:/set stm32/stm32cubeide_1.7.0/stm32cubeide/plugins/com.st.stm32cube.ide.mcu.externaltools.gnu-tools-for-stm32.9-2020-q2-update.win32_2.0.0.202105311346/tools/bin/../lib/gcc/arm-none-eabi/9.3.1/thumb/v7e-m+fp/hard\libgcc.a(_arm_cmpdf2.o)
                0x0000000008000a1c                __gtdf2
                0x0000000008000a1c                __gedf2
                0x0000000008000a24                __ltdf2
                0x0000000008000a24                __ledf2
                0x0000000008000a2c                __nedf2
                0x0000000008000a2c                __eqdf2
                0x0000000008000a2c                __cmpdf2
                0x0000000008000aa8                __aeabi_cdrcmple
                0x0000000008000ab8                __aeabi_cdcmpeq
                0x0000000008000ab8                __aeabi_cdcmple
                0x0000000008000ac8                __aeabi_dcmpeq
                0x0000000008000adc                __aeabi_dcmplt
                0x0000000008000af0                __aeabi_dcmple
                0x0000000008000b04                __aeabi_dcmpge
                0x0000000008000b18                __aeabi_dcmpgt
 .text          0x0000000008000b2c       0x2c d:/set stm32/stm32cubeide_1.7.0/stm32cubeide/plugins/com.st.stm32cube.ide.mcu.externaltools.gnu-tools-for-stm32.9-2020-q2-update.win32_2.0.0.202105311346/tools/bin/../lib/gcc/arm-none-eabi/9.3.1/thumb/v7e-m+fp/hard\libgcc.a(_arm_unorddf2.o)
                0x0000000008000b2c                __unorddf2
                0x0000000008000b2c                __aeabi_dcmpun
 .text          0x0000000008000b58       0x50 d:/set stm32/stm32cubeide_1.7.0/stm32cubeide/plugins/com.st.stm32cube.ide.mcu.externaltools.gnu-tools-for-stm32.9-2020-q2-update.win32_2.0.0.202105311346/tools/bin/../lib/gcc/arm-none-eabi/9.3.1/thumb/v7e-m+fp/hard\libgcc.a(_arm_fixdfsi.o)
                0x0000000008000b58                __aeabi_d2iz
                0x0000000008000b58                __fixdfsi
 .text          0x0000000008000ba8       0xa0 d:/set stm32/stm32cubeide_1.7.0/stm32cubeide/plugins/com.st.stm32cube.ide.mcu.externaltools.gnu-tools-for-stm32.9-2020-q2-update.win32_2.0.0.202105311346/tools/bin/../lib/gcc/arm-none-eabi/9.3.1/thumb/v7e-m+fp/hard\libgcc.a(_arm_truncdfsf2.o)
                0x0000000008000ba8                __truncdfsf2
                0x0000000008000ba8                __aeabi_d2f
 .text          0x0000000008000c48       0x30 d:/set stm32/stm32cubeide_1.7.0/stm32cubeide/plugins/com.st.stm32cube.ide.mcu.externaltools.gnu-tools-for-stm32.9-2020-q2-update.win32_2.0.0.202105311346/tools/bin/../lib/gcc/arm-none-eabi/9.3.1/thumb/v7e-m+fp/hard\libgcc.a(_aeabi_uldivmod.o)
                0x0000000008000c48                __aeabi_uldivmod
 .text          0x0000000008000c78      0x2c4 d:/set stm32/stm32cubeide_1.7.0/stm32cubeide/plugins/com.st.stm32cube.ide.mcu.externaltools.gnu-tools-for-stm32.9-2020-q2-update.win32_2.0.0.202105311346/tools/bin/../lib/gcc/arm-none-eabi/9.3.1/thumb/v7e-m+fp/hard\libgcc.a(_udivmoddi4.o)
                0x0000000008000c78                __udivmoddi4
 .text          0x0000000008000f3c        0x4 d:/set stm32/stm32cubeide_1.7.0/stm32cubeide/plugins/com.st.stm32cube.ide.mcu.externaltools.gnu-tools-for-stm32.9-2020-q2-update.win32_2.0.0.202105311346/tools/bin/../lib/gcc/arm-none-eabi/9.3.1/thumb/v7e-m+fp/hard\libgcc.a(_dvmd_tls.o)
                0x0000000008000f3c                __aeabi_idiv0
                0x0000000008000f3c                __aeabi_ldiv0
 *(.text*)
 .text.MX_ADC1_Init
                0x0000000008000f40      0x114 ./Core/Src/adc.o
                0x0000000008000f40                MX_ADC1_Init
 .text.HAL_ADC_MspInit
                0x0000000008001054      0x128 ./Core/Src/adc.o
                0x0000000008001054                HAL_ADC_MspInit
 .text.button_init
                0x000000000800117c       0x18 ./Core/Src/button.o
                0x000000000800117c                button_init
 .text.button_Scan
                0x0000000008001194       0xd8 ./Core/Src/button.o
                0x0000000008001194                button_Scan
 .text.buzzer_init
                0x000000000800126c       0x14 ./Core/Src/buzzer.o
                0x000000000800126c                buzzer_init
 .text.buzzer_Ring
                0x0000000008001280       0x20 ./Core/Src/buzzer.o
                0x0000000008001280                buzzer_Ring
 .text.buzzer_SetVolume
                0x00000000080012a0       0x20 ./Core/Src/buzzer.o
                0x00000000080012a0                buzzer_SetVolume
 .text.MX_DMA_Init
                0x00000000080012c0       0x40 ./Core/Src/dma.o
                0x00000000080012c0                MX_DMA_Init
 .text.ds3231_init
                0x0000000008001300       0x70 ./Core/Src/ds3231.o
                0x0000000008001300                ds3231_init
 .text.ds3231_ReadTime
                0x0000000008001370       0xc8 ./Core/Src/ds3231.o
                0x0000000008001370                ds3231_ReadTime
 .text.MX_FSMC_Init
                0x0000000008001438       0xf4 ./Core/Src/fsmc.o
                0x0000000008001438                MX_FSMC_Init
 .text.HAL_FSMC_MspInit
                0x000000000800152c       0x98 ./Core/Src/fsmc.o
 .text.HAL_SRAM_MspInit
                0x00000000080015c4       0x14 ./Core/Src/fsmc.o
                0x00000000080015c4                HAL_SRAM_MspInit
 .text.MX_GPIO_Init
                0x00000000080015d8      0x238 ./Core/Src/gpio.o
                0x00000000080015d8                MX_GPIO_Init
 .text.MX_I2C1_Init
                0x0000000008001810       0x5c ./Core/Src/i2c.o
                0x0000000008001810                MX_I2C1_Init
 .text.HAL_I2C_MspInit
                0x000000000800186c       0x90 ./Core/Src/i2c.o
                0x000000000800186c                HAL_I2C_MspInit
 .text.LCD_WR_REG
                0x00000000080018fc       0x20 ./Core/Src/lcd.o
                0x00000000080018fc                LCD_WR_REG
 .text.LCD_WR_DATA
                0x000000000800191c       0x20 ./Core/Src/lcd.o
                0x000000000800191c                LCD_WR_DATA
 .text.LCD_RD_DATA
                0x000000000800193c       0x24 ./Core/Src/lcd.o
                0x000000000800193c                LCD_RD_DATA
 .text.lcd_AddressSet
                0x0000000008001960       0x98 ./Core/Src/lcd.o
                0x0000000008001960                lcd_AddressSet
 .text.lcd_Clear
                0x00000000080019f8       0x74 ./Core/Src/lcd.o
                0x00000000080019f8                lcd_Clear
 .text.lcd_DrawPoint
                0x0000000008001a6c       0x2e ./Core/Src/lcd.o
                0x0000000008001a6c                lcd_DrawPoint
 *fill*         0x0000000008001a9a        0x2 
 .text.lcd_ShowChar
                0x0000000008001a9c      0x1a0 ./Core/Src/lcd.o
                0x0000000008001a9c                lcd_ShowChar
 .text.mypow    0x0000000008001c3c       0x38 ./Core/Src/lcd.o
                0x0000000008001c3c                mypow
 .text.lcd_ShowIntNum
                0x0000000008001c74       0xfc ./Core/Src/lcd.o
                0x0000000008001c74                lcd_ShowIntNum
 .text.lcd_ShowFloatNum1
                0x0000000008001d70      0x110 ./Core/Src/lcd.o
                0x0000000008001d70                lcd_ShowFloatNum1
 .text.lcd_SetDir
                0x0000000008001e80       0x48 ./Core/Src/lcd.o
                0x0000000008001e80                lcd_SetDir
 .text.lcd_init
                0x0000000008001ec8      0x2c0 ./Core/Src/lcd.o
                0x0000000008001ec8                lcd_init
 .text.lcd_ShowStr
                0x0000000008002188       0xc8 ./Core/Src/lcd.o
                0x0000000008002188                lcd_ShowStr
 .text.lcd_StrCenter
                0x0000000008002250       0x64 ./Core/Src/lcd.o
                0x0000000008002250                lcd_StrCenter
 .text.led7_init
                0x00000000080022b4       0x18 ./Core/Src/led7seg.o
                0x00000000080022b4                led7_init
 .text.led7_Scan
                0x00000000080022cc      0x134 ./Core/Src/led7seg.o
                0x00000000080022cc                led7_Scan
 .text.led7_SetDigit
                0x0000000008002400       0x48 ./Core/Src/led7seg.o
                0x0000000008002400                led7_SetDigit
 .text.led_On   0x0000000008002448       0x44 ./Core/Src/led7seg.o
                0x0000000008002448                led_On
 .text.led_Off  0x000000000800248c       0x48 ./Core/Src/led7seg.o
                0x000000000800248c                led_Off
 .text.main     0x00000000080024d4       0xb4 ./Core/Src/main.o
                0x00000000080024d4                main
 .text.SystemClock_Config
                0x0000000008002588       0xd4 ./Core/Src/main.o
                0x0000000008002588                SystemClock_Config
 .text.system_init
                0x000000000800265c       0x64 ./Core/Src/main.o
                0x000000000800265c                system_init
 .text.test_LedDebug
                0x00000000080026c0       0x48 ./Core/Src/main.o
                0x00000000080026c0                test_LedDebug
 .text.test_Button
                0x0000000008002708       0xfc ./Core/Src/main.o
                0x0000000008002708                test_Button
 .text.test_Output
                0x0000000008002804       0x6c ./Core/Src/main.o
                0x0000000008002804                test_Output
 .text.test_Buzzer
                0x0000000008002870       0x30 ./Core/Src/main.o
                0x0000000008002870                test_Buzzer
 .text.test_Sim
                0x00000000080028a0       0x16 ./Core/Src/main.o
                0x00000000080028a0                test_Sim
 *fill*         0x00000000080028b6        0x2 
 .text.test_ADC
                0x00000000080028b8      0x17c ./Core/Src/main.o
                0x00000000080028b8                test_ADC
 .text.displayTime
                0x0000000008002a34      0x2f8 ./Core/Src/main.o
                0x0000000008002a34                displayTime
 .text.test_Uart1
                0x0000000008002d2c       0x5c ./Core/Src/main.o
                0x0000000008002d2c                test_Uart1
 .text.test_Input
                0x0000000008002d88      0x10c ./Core/Src/main.o
                0x0000000008002d88                test_Input
 .text.isButtonUp
                0x0000000008002e94       0x20 ./Core/Src/main.o
                0x0000000008002e94                isButtonUp
 .text.test_Esp
                0x0000000008002eb4       0x90 ./Core/Src/main.o
                0x0000000008002eb4                test_Esp
 .text.isButtonDown
                0x0000000008002f44       0x20 ./Core/Src/main.o
                0x0000000008002f44                isButtonDown
 .text.isButtonRight
                0x0000000008002f64       0x20 ./Core/Src/main.o
                0x0000000008002f64                isButtonRight
 .text.isButtonLeft
                0x0000000008002f84       0x20 ./Core/Src/main.o
                0x0000000008002f84                isButtonLeft
 .text.isButtonEnter
                0x0000000008002fa4       0x20 ./Core/Src/main.o
                0x0000000008002fa4                isButtonEnter
 .text.isButtonBack
                0x0000000008002fc4       0x20 ./Core/Src/main.o
                0x0000000008002fc4                isButtonBack
 .text.Error_Handler
                0x0000000008002fe4        0xa ./Core/Src/main.o
                0x0000000008002fe4                Error_Handler
 .text.sensor_init
                0x0000000008002fee        0xe ./Core/Src/sensor.o
                0x0000000008002fee                sensor_init
 .text.sensor_Read
                0x0000000008002ffc       0x1c ./Core/Src/sensor.o
                0x0000000008002ffc                sensor_Read
 .text.sensor_GetVarResistor
                0x0000000008003018       0x18 ./Core/Src/sensor.o
                0x0000000008003018                sensor_GetVarResistor
 .text.sensor_GetVoltage
                0x0000000008003030       0x78 ./Core/Src/sensor.o
                0x0000000008003030                sensor_GetVoltage
 .text.sensor_GetCurrent
                0x00000000080030a8       0xb8 ./Core/Src/sensor.o
                0x00000000080030a8                sensor_GetCurrent
 .text.sensor_GetTemperature
                0x0000000008003160       0x3c ./Core/Src/sensor.o
                0x0000000008003160                sensor_GetTemperature
 .text.sim_init
                0x000000000800319c       0x2c ./Core/Src/sim.o
                0x000000000800319c                sim_init
 .text.sim_SendSMS
                0x00000000080031c8       0x44 ./Core/Src/sim.o
                0x00000000080031c8                sim_SendSMS
 .text.timer_init
                0x000000000800320c       0x14 ./Core/Src/software_timer.o
                0x000000000800320c                timer_init
 .text.setTimer2
                0x0000000008003220       0x38 ./Core/Src/software_timer.o
                0x0000000008003220                setTimer2
 .text.HAL_TIM_PeriodElapsedCallback
                0x0000000008003258       0x54 ./Core/Src/software_timer.o
                0x0000000008003258                HAL_TIM_PeriodElapsedCallback
 .text.MX_SPI1_Init
                0x00000000080032ac       0x6c ./Core/Src/spi.o
                0x00000000080032ac                MX_SPI1_Init
 .text.HAL_SPI_MspInit
                0x0000000008003318       0x90 ./Core/Src/spi.o
                0x0000000008003318                HAL_SPI_MspInit
 .text.HAL_MspInit
                0x00000000080033a8       0x50 ./Core/Src/stm32f4xx_hal_msp.o
                0x00000000080033a8                HAL_MspInit
 .text.NMI_Handler
                0x00000000080033f8        0x6 ./Core/Src/stm32f4xx_it.o
                0x00000000080033f8                NMI_Handler
 .text.HardFault_Handler
                0x00000000080033fe        0x6 ./Core/Src/stm32f4xx_it.o
                0x00000000080033fe                HardFault_Handler
 .text.MemManage_Handler
                0x0000000008003404        0x6 ./Core/Src/stm32f4xx_it.o
                0x0000000008003404                MemManage_Handler
 .text.BusFault_Handler
                0x000000000800340a        0x6 ./Core/Src/stm32f4xx_it.o
                0x000000000800340a                BusFault_Handler
 .text.UsageFault_Handler
                0x0000000008003410        0x6 ./Core/Src/stm32f4xx_it.o
                0x0000000008003410                UsageFault_Handler
 .text.SVC_Handler
                0x0000000008003416        0xe ./Core/Src/stm32f4xx_it.o
                0x0000000008003416                SVC_Handler
 .text.DebugMon_Handler
                0x0000000008003424        0xe ./Core/Src/stm32f4xx_it.o
                0x0000000008003424                DebugMon_Handler
 .text.PendSV_Handler
                0x0000000008003432        0xe ./Core/Src/stm32f4xx_it.o
                0x0000000008003432                PendSV_Handler
 .text.SysTick_Handler
                0x0000000008003440        0xc ./Core/Src/stm32f4xx_it.o
                0x0000000008003440                SysTick_Handler
 .text.TIM2_IRQHandler
                0x000000000800344c       0x14 ./Core/Src/stm32f4xx_it.o
                0x000000000800344c                TIM2_IRQHandler
 .text.USART1_IRQHandler
                0x0000000008003460       0x14 ./Core/Src/stm32f4xx_it.o
                0x0000000008003460                USART1_IRQHandler
 .text.USART2_IRQHandler
                0x0000000008003474       0x14 ./Core/Src/stm32f4xx_it.o
                0x0000000008003474                USART2_IRQHandler
 .text.USART3_IRQHandler
                0x0000000008003488       0x14 ./Core/Src/stm32f4xx_it.o
                0x0000000008003488                USART3_IRQHandler
 .text.UART4_IRQHandler
                0x000000000800349c       0x14 ./Core/Src/stm32f4xx_it.o
                0x000000000800349c                UART4_IRQHandler
 .text.DMA2_Stream0_IRQHandler
                0x00000000080034b0       0x14 ./Core/Src/stm32f4xx_it.o
                0x00000000080034b0                DMA2_Stream0_IRQHandler
 .text._getpid  0x00000000080034c4       0x10 ./Core/Src/syscalls.o
                0x00000000080034c4                _getpid
 .text._kill    0x00000000080034d4       0x20 ./Core/Src/syscalls.o
                0x00000000080034d4                _kill
 .text._exit    0x00000000080034f4       0x14 ./Core/Src/syscalls.o
                0x00000000080034f4                _exit
 .text._read    0x0000000008003508       0x3a ./Core/Src/syscalls.o
                0x0000000008003508                _read
 .text._write   0x0000000008003542       0x38 ./Core/Src/syscalls.o
                0x0000000008003542                _write
 .text._close   0x000000000800357a       0x18 ./Core/Src/syscalls.o
                0x000000000800357a                _close
 .text._fstat   0x0000000008003592       0x20 ./Core/Src/syscalls.o
                0x0000000008003592                _fstat
 .text._isatty  0x00000000080035b2       0x16 ./Core/Src/syscalls.o
                0x00000000080035b2                _isatty
 .text._lseek   0x00000000080035c8       0x1a ./Core/Src/syscalls.o
                0x00000000080035c8                _lseek
 *fill*         0x00000000080035e2        0x2 
 .text._sbrk    0x00000000080035e4       0x6c ./Core/Src/sysmem.o
                0x00000000080035e4                _sbrk
 .text.SystemInit
                0x0000000008003650       0x24 ./Core/Src/system_stm32f4xx.o
                0x0000000008003650                SystemInit
 .text.MX_TIM2_Init
                0x0000000008003674       0x98 ./Core/Src/tim.o
                0x0000000008003674                MX_TIM2_Init
 .text.MX_TIM13_Init
                0x000000000800370c       0x9c ./Core/Src/tim.o
                0x000000000800370c                MX_TIM13_Init
 .text.HAL_TIM_Base_MspInit
                0x00000000080037a8       0x78 ./Core/Src/tim.o
                0x00000000080037a8                HAL_TIM_Base_MspInit
 .text.HAL_TIM_MspPostInit
                0x0000000008003820       0x74 ./Core/Src/tim.o
                0x0000000008003820                HAL_TIM_MspPostInit
 .text.uart_init_rs232
                0x0000000008003894       0x1c ./Core/Src/uart.o
                0x0000000008003894                uart_init_rs232
 .text.uart_init_Esp
                0x00000000080038b0       0x1c ./Core/Src/uart.o
                0x00000000080038b0                uart_init_Esp
 .text.uart_init_rs485
                0x00000000080038cc       0x1c ./Core/Src/uart.o
                0x00000000080038cc                uart_init_rs485
 .text.uart_Rs232SendString
                0x00000000080038e8       0x34 ./Core/Src/uart.o
                0x00000000080038e8                uart_Rs232SendString
 .text.uart_Rs232SendNum
                0x000000000800391c       0xa0 ./Core/Src/uart.o
                0x000000000800391c                uart_Rs232SendNum
 .text.HAL_UART_RxCpltCallback
                0x00000000080039bc       0xb8 ./Core/Src/uart.o
                0x00000000080039bc                HAL_UART_RxCpltCallback
 .text.MX_UART4_Init
                0x0000000008003a74       0x54 ./Core/Src/usart.o
                0x0000000008003a74                MX_UART4_Init
 .text.MX_USART1_UART_Init
                0x0000000008003ac8       0x54 ./Core/Src/usart.o
                0x0000000008003ac8                MX_USART1_UART_Init
 .text.MX_USART2_UART_Init
                0x0000000008003b1c       0x54 ./Core/Src/usart.o
                0x0000000008003b1c                MX_USART2_UART_Init
 .text.MX_USART3_UART_Init
                0x0000000008003b70       0x54 ./Core/Src/usart.o
                0x0000000008003b70                MX_USART3_UART_Init
 .text.HAL_UART_MspInit
                0x0000000008003bc4      0x210 ./Core/Src/usart.o
                0x0000000008003bc4                HAL_UART_MspInit
 .text.BCD2DEC  0x0000000008003dd4       0x32 ./Core/Src/utils.o
                0x0000000008003dd4                BCD2DEC
 *fill*         0x0000000008003e06        0x2 
 .text.DEC2BCD  0x0000000008003e08       0x48 ./Core/Src/utils.o
                0x0000000008003e08                DEC2BCD
 .text.Reset_Handler
                0x0000000008003e50       0x50 ./Core/Startup/startup_stm32f407zetx.o
                0x0000000008003e50                Reset_Handler
 .text.Default_Handler
                0x0000000008003ea0        0x2 ./Core/Startup/startup_stm32f407zetx.o
                0x0000000008003ea0                RTC_Alarm_IRQHandler
                0x0000000008003ea0                HASH_RNG_IRQHandler
                0x0000000008003ea0                EXTI2_IRQHandler
                0x0000000008003ea0                TIM8_CC_IRQHandler
                0x0000000008003ea0                TIM1_CC_IRQHandler
                0x0000000008003ea0                DMA2_Stream5_IRQHandler
                0x0000000008003ea0                DMA1_Stream5_IRQHandler
                0x0000000008003ea0                PVD_IRQHandler
                0x0000000008003ea0                SDIO_IRQHandler
                0x0000000008003ea0                TAMP_STAMP_IRQHandler
                0x0000000008003ea0                CAN2_RX1_IRQHandler
                0x0000000008003ea0                EXTI3_IRQHandler
                0x0000000008003ea0                TIM8_TRG_COM_TIM14_IRQHandler
                0x0000000008003ea0                TIM1_UP_TIM10_IRQHandler
                0x0000000008003ea0                TIM8_UP_TIM13_IRQHandler
                0x0000000008003ea0                I2C3_ER_IRQHandler
                0x0000000008003ea0                EXTI0_IRQHandler
                0x0000000008003ea0                I2C2_EV_IRQHandler
                0x0000000008003ea0                DMA1_Stream2_IRQHandler
                0x0000000008003ea0                CAN1_RX0_IRQHandler
                0x0000000008003ea0                FPU_IRQHandler
                0x0000000008003ea0                OTG_HS_WKUP_IRQHandler
                0x0000000008003ea0                CAN2_SCE_IRQHandler
                0x0000000008003ea0                DMA2_Stream2_IRQHandler
                0x0000000008003ea0                SPI1_IRQHandler
                0x0000000008003ea0                TIM6_DAC_IRQHandler
                0x0000000008003ea0                TIM1_BRK_TIM9_IRQHandler
                0x0000000008003ea0                DCMI_IRQHandler
                0x0000000008003ea0                CAN2_RX0_IRQHandler
                0x0000000008003ea0                DMA2_Stream3_IRQHandler
                0x0000000008003ea0                USART6_IRQHandler
                0x0000000008003ea0                CAN1_RX1_IRQHandler
                0x0000000008003ea0                UART5_IRQHandler
                0x0000000008003ea0                TIM4_IRQHandler
                0x0000000008003ea0                I2C1_EV_IRQHandler
                0x0000000008003ea0                DMA1_Stream6_IRQHandler
                0x0000000008003ea0                DMA1_Stream1_IRQHandler
                0x0000000008003ea0                TIM3_IRQHandler
                0x0000000008003ea0                RCC_IRQHandler
                0x0000000008003ea0                TIM8_BRK_TIM12_IRQHandler
                0x0000000008003ea0                Default_Handler
                0x0000000008003ea0                EXTI15_10_IRQHandler
                0x0000000008003ea0                ADC_IRQHandler
                0x0000000008003ea0                DMA1_Stream7_IRQHandler
                0x0000000008003ea0                TIM7_IRQHandler
                0x0000000008003ea0                CAN2_TX_IRQHandler
                0x0000000008003ea0                TIM5_IRQHandler
                0x0000000008003ea0                DMA2_Stream7_IRQHandler
                0x0000000008003ea0                I2C3_EV_IRQHandler
                0x0000000008003ea0                EXTI9_5_IRQHandler
                0x0000000008003ea0                RTC_WKUP_IRQHandler
                0x0000000008003ea0                ETH_WKUP_IRQHandler
                0x0000000008003ea0                SPI2_IRQHandler
                0x0000000008003ea0                OTG_HS_EP1_IN_IRQHandler
                0x0000000008003ea0                DMA1_Stream0_IRQHandler
                0x0000000008003ea0                CAN1_TX_IRQHandler
                0x0000000008003ea0                EXTI4_IRQHandler
                0x0000000008003ea0                FSMC_IRQHandler
                0x0000000008003ea0                ETH_IRQHandler
                0x0000000008003ea0                OTG_HS_EP1_OUT_IRQHandler
                0x0000000008003ea0                WWDG_IRQHandler
                0x0000000008003ea0                OTG_FS_WKUP_IRQHandler
                0x0000000008003ea0                TIM1_TRG_COM_TIM11_IRQHandler
                0x0000000008003ea0                OTG_HS_IRQHandler
                0x0000000008003ea0                EXTI1_IRQHandler
                0x0000000008003ea0                I2C2_ER_IRQHandler
                0x0000000008003ea0                DMA2_Stream1_IRQHandler
                0x0000000008003ea0                CAN1_SCE_IRQHandler
                0x0000000008003ea0                FLASH_IRQHandler
                0x0000000008003ea0                DMA2_Stream4_IRQHandler
                0x0000000008003ea0                OTG_FS_IRQHandler
                0x0000000008003ea0                SPI3_IRQHandler
                0x0000000008003ea0                DMA1_Stream4_IRQHandler
                0x0000000008003ea0                I2C1_ER_IRQHandler
                0x0000000008003ea0                DMA2_Stream6_IRQHandler
                0x0000000008003ea0                DMA1_Stream3_IRQHandler
 *fill*         0x0000000008003ea2        0x2 
 .text.HAL_Init
                0x0000000008003ea4       0x44 ./Drivers/STM32F4xx_HAL_Driver/Src/stm32f4xx_hal.o
                0x0000000008003ea4                HAL_Init
 .text.HAL_InitTick
                0x0000000008003ee8       0x60 ./Drivers/STM32F4xx_HAL_Driver/Src/stm32f4xx_hal.o
                0x0000000008003ee8                HAL_InitTick
 .text.HAL_IncTick
                0x0000000008003f48       0x28 ./Drivers/STM32F4xx_HAL_Driver/Src/stm32f4xx_hal.o
                0x0000000008003f48                HAL_IncTick
 .text.HAL_GetTick
                0x0000000008003f70       0x18 ./Drivers/STM32F4xx_HAL_Driver/Src/stm32f4xx_hal.o
                0x0000000008003f70                HAL_GetTick
 .text.HAL_Delay
                0x0000000008003f88       0x48 ./Drivers/STM32F4xx_HAL_Driver/Src/stm32f4xx_hal.o
                0x0000000008003f88                HAL_Delay
 .text.HAL_ADC_Init
                0x0000000008003fd0       0x86 ./Drivers/STM32F4xx_HAL_Driver/Src/stm32f4xx_hal_adc.o
                0x0000000008003fd0                HAL_ADC_Init
 *fill*         0x0000000008004056        0x2 
 .text.HAL_ADC_Start_DMA
                0x0000000008004058      0x220 ./Drivers/STM32F4xx_HAL_Driver/Src/stm32f4xx_hal_adc.o
                0x0000000008004058                HAL_ADC_Start_DMA
 .text.HAL_ADC_ConvCpltCallback
                0x0000000008004278       0x14 ./Drivers/STM32F4xx_HAL_Driver/Src/stm32f4xx_hal_adc.o
                0x0000000008004278                HAL_ADC_ConvCpltCallback
 .text.HAL_ADC_ConvHalfCpltCallback
                0x000000000800428c       0x14 ./Drivers/STM32F4xx_HAL_Driver/Src/stm32f4xx_hal_adc.o
                0x000000000800428c                HAL_ADC_ConvHalfCpltCallback
 .text.HAL_ADC_ErrorCallback
                0x00000000080042a0       0x14 ./Drivers/STM32F4xx_HAL_Driver/Src/stm32f4xx_hal_adc.o
                0x00000000080042a0                HAL_ADC_ErrorCallback
 .text.HAL_ADC_ConfigChannel
                0x00000000080042b4      0x244 ./Drivers/STM32F4xx_HAL_Driver/Src/stm32f4xx_hal_adc.o
                0x00000000080042b4                HAL_ADC_ConfigChannel
 .text.ADC_Init
                0x00000000080044f8      0x1f8 ./Drivers/STM32F4xx_HAL_Driver/Src/stm32f4xx_hal_adc.o
 .text.ADC_DMAConvCplt
                0x00000000080046f0       0xba ./Drivers/STM32F4xx_HAL_Driver/Src/stm32f4xx_hal_adc.o
 .text.ADC_DMAHalfConvCplt
                0x00000000080047aa       0x1c ./Drivers/STM32F4xx_HAL_Driver/Src/stm32f4xx_hal_adc.o
 .text.ADC_DMAError
                0x00000000080047c6       0x2e ./Drivers/STM32F4xx_HAL_Driver/Src/stm32f4xx_hal_adc.o
 .text.__NVIC_SetPriorityGrouping
                0x00000000080047f4       0x48 ./Drivers/STM32F4xx_HAL_Driver/Src/stm32f4xx_hal_cortex.o
 .text.__NVIC_GetPriorityGrouping
                0x000000000800483c       0x1c ./Drivers/STM32F4xx_HAL_Driver/Src/stm32f4xx_hal_cortex.o
 .text.__NVIC_EnableIRQ
                0x0000000008004858       0x3c ./Drivers/STM32F4xx_HAL_Driver/Src/stm32f4xx_hal_cortex.o
 .text.__NVIC_SetPriority
                0x0000000008004894       0x54 ./Drivers/STM32F4xx_HAL_Driver/Src/stm32f4xx_hal_cortex.o
 .text.NVIC_EncodePriority
                0x00000000080048e8       0x66 ./Drivers/STM32F4xx_HAL_Driver/Src/stm32f4xx_hal_cortex.o
 *fill*         0x000000000800494e        0x2 
 .text.SysTick_Config
                0x0000000008004950       0x44 ./Drivers/STM32F4xx_HAL_Driver/Src/stm32f4xx_hal_cortex.o
 .text.HAL_NVIC_SetPriorityGrouping
                0x0000000008004994       0x16 ./Drivers/STM32F4xx_HAL_Driver/Src/stm32f4xx_hal_cortex.o
                0x0000000008004994                HAL_NVIC_SetPriorityGrouping
 .text.HAL_NVIC_SetPriority
                0x00000000080049aa       0x38 ./Drivers/STM32F4xx_HAL_Driver/Src/stm32f4xx_hal_cortex.o
                0x00000000080049aa                HAL_NVIC_SetPriority
 .text.HAL_NVIC_EnableIRQ
                0x00000000080049e2       0x1c ./Drivers/STM32F4xx_HAL_Driver/Src/stm32f4xx_hal_cortex.o
                0x00000000080049e2                HAL_NVIC_EnableIRQ
 .text.HAL_SYSTICK_Config
                0x00000000080049fe       0x18 ./Drivers/STM32F4xx_HAL_Driver/Src/stm32f4xx_hal_cortex.o
                0x00000000080049fe                HAL_SYSTICK_Config
 *fill*         0x0000000008004a16        0x2 
 .text.HAL_DMA_Init
                0x0000000008004a18      0x15c ./Drivers/STM32F4xx_HAL_Driver/Src/stm32f4xx_hal_dma.o
                0x0000000008004a18                HAL_DMA_Init
 .text.HAL_DMA_Start_IT
                0x0000000008004b74       0xb0 ./Drivers/STM32F4xx_HAL_Driver/Src/stm32f4xx_hal_dma.o
                0x0000000008004b74                HAL_DMA_Start_IT
 .text.HAL_DMA_Abort
                0x0000000008004c24       0xe0 ./Drivers/STM32F4xx_HAL_Driver/Src/stm32f4xx_hal_dma.o
                0x0000000008004c24                HAL_DMA_Abort
 .text.HAL_DMA_Abort_IT
                0x0000000008004d04       0x44 ./Drivers/STM32F4xx_HAL_Driver/Src/stm32f4xx_hal_dma.o
                0x0000000008004d04                HAL_DMA_Abort_IT
 .text.HAL_DMA_IRQHandler
                0x0000000008004d48      0x314 ./Drivers/STM32F4xx_HAL_Driver/Src/stm32f4xx_hal_dma.o
                0x0000000008004d48                HAL_DMA_IRQHandler
 .text.DMA_SetConfig
                0x000000000800505c       0x5c ./Drivers/STM32F4xx_HAL_Driver/Src/stm32f4xx_hal_dma.o
 .text.DMA_CalcBaseAndBitshift
                0x00000000080050b8       0x6c ./Drivers/STM32F4xx_HAL_Driver/Src/stm32f4xx_hal_dma.o
 .text.DMA_CheckFifoParam
                0x0000000008005124       0xf8 ./Drivers/STM32F4xx_HAL_Driver/Src/stm32f4xx_hal_dma.o
 .text.HAL_GPIO_Init
                0x000000000800521c      0x338 ./Drivers/STM32F4xx_HAL_Driver/Src/stm32f4xx_hal_gpio.o
                0x000000000800521c                HAL_GPIO_Init
 .text.HAL_GPIO_ReadPin
                0x0000000008005554       0x30 ./Drivers/STM32F4xx_HAL_Driver/Src/stm32f4xx_hal_gpio.o
                0x0000000008005554                HAL_GPIO_ReadPin
 .text.HAL_GPIO_WritePin
                0x0000000008005584       0x32 ./Drivers/STM32F4xx_HAL_Driver/Src/stm32f4xx_hal_gpio.o
                0x0000000008005584                HAL_GPIO_WritePin
 .text.HAL_GPIO_TogglePin
                0x00000000080055b6       0x34 ./Drivers/STM32F4xx_HAL_Driver/Src/stm32f4xx_hal_gpio.o
                0x00000000080055b6                HAL_GPIO_TogglePin
 *fill*         0x00000000080055ea        0x2 
 .text.HAL_I2C_Init
                0x00000000080055ec      0x288 ./Drivers/STM32F4xx_HAL_Driver/Src/stm32f4xx_hal_i2c.o
                0x00000000080055ec                HAL_I2C_Init
 .text.HAL_I2C_Mem_Read
                0x0000000008005874      0x44c ./Drivers/STM32F4xx_HAL_Driver/Src/stm32f4xx_hal_i2c.o
                0x0000000008005874                HAL_I2C_Mem_Read
 .text.I2C_RequestMemoryRead
                0x0000000008005cc0      0x1d0 ./Drivers/STM32F4xx_HAL_Driver/Src/stm32f4xx_hal_i2c.o
 .text.I2C_WaitOnFlagUntilTimeout
                0x0000000008005e90       0xae ./Drivers/STM32F4xx_HAL_Driver/Src/stm32f4xx_hal_i2c.o
 .text.I2C_WaitOnMasterAddressFlagUntilTimeout
                0x0000000008005f3e       0xfe ./Drivers/STM32F4xx_HAL_Driver/Src/stm32f4xx_hal_i2c.o
 .text.I2C_WaitOnTXEFlagUntilTimeout
                0x000000000800603c       0x82 ./Drivers/STM32F4xx_HAL_Driver/Src/stm32f4xx_hal_i2c.o
 .text.I2C_WaitOnRXNEFlagUntilTimeout
                0x00000000080060be       0xac ./Drivers/STM32F4xx_HAL_Driver/Src/stm32f4xx_hal_i2c.o
 .text.I2C_IsAcknowledgeFailed
                0x000000000800616a       0x5e ./Drivers/STM32F4xx_HAL_Driver/Src/stm32f4xx_hal_i2c.o
 .text.HAL_RCC_OscConfig
                0x00000000080061c8      0x4f0 ./Drivers/STM32F4xx_HAL_Driver/Src/stm32f4xx_hal_rcc.o
                0x00000000080061c8                HAL_RCC_OscConfig
 .text.HAL_RCC_ClockConfig
                0x00000000080066b8      0x1cc ./Drivers/STM32F4xx_HAL_Driver/Src/stm32f4xx_hal_rcc.o
                0x00000000080066b8                HAL_RCC_ClockConfig
 .text.HAL_RCC_GetSysClockFreq
                0x0000000008006884      0x1c4 ./Drivers/STM32F4xx_HAL_Driver/Src/stm32f4xx_hal_rcc.o
                0x0000000008006884                HAL_RCC_GetSysClockFreq
 .text.HAL_RCC_GetHCLKFreq
                0x0000000008006a48       0x18 ./Drivers/STM32F4xx_HAL_Driver/Src/stm32f4xx_hal_rcc.o
                0x0000000008006a48                HAL_RCC_GetHCLKFreq
 .text.HAL_RCC_GetPCLK1Freq
                0x0000000008006a60       0x28 ./Drivers/STM32F4xx_HAL_Driver/Src/stm32f4xx_hal_rcc.o
                0x0000000008006a60                HAL_RCC_GetPCLK1Freq
 .text.HAL_RCC_GetPCLK2Freq
                0x0000000008006a88       0x28 ./Drivers/STM32F4xx_HAL_Driver/Src/stm32f4xx_hal_rcc.o
                0x0000000008006a88                HAL_RCC_GetPCLK2Freq
 .text.HAL_SPI_Init
                0x0000000008006ab0      0x112 ./Drivers/STM32F4xx_HAL_Driver/Src/stm32f4xx_hal_spi.o
                0x0000000008006ab0                HAL_SPI_Init
 .text.HAL_SPI_Transmit
                0x0000000008006bc2      0x278 ./Drivers/STM32F4xx_HAL_Driver/Src/stm32f4xx_hal_spi.o
                0x0000000008006bc2                HAL_SPI_Transmit
 .text.HAL_SPI_Receive
                0x0000000008006e3a      0x222 ./Drivers/STM32F4xx_HAL_Driver/Src/stm32f4xx_hal_spi.o
                0x0000000008006e3a                HAL_SPI_Receive
 .text.HAL_SPI_TransmitReceive
                0x000000000800705c      0x344 ./Drivers/STM32F4xx_HAL_Driver/Src/stm32f4xx_hal_spi.o
                0x000000000800705c                HAL_SPI_TransmitReceive
 .text.SPI_WaitFlagStateUntilTimeout
                0x00000000080073a0      0x110 ./Drivers/STM32F4xx_HAL_Driver/Src/stm32f4xx_hal_spi.o
 .text.SPI_EndRxTransaction
                0x00000000080074b0       0xca ./Drivers/STM32F4xx_HAL_Driver/Src/stm32f4xx_hal_spi.o
 *fill*         0x000000000800757a        0x2 
 .text.SPI_EndRxTxTransaction
                0x000000000800757c       0x84 ./Drivers/STM32F4xx_HAL_Driver/Src/stm32f4xx_hal_spi.o
 .text.HAL_SRAM_Init
                0x0000000008007600       0x88 ./Drivers/STM32F4xx_HAL_Driver/Src/stm32f4xx_hal_sram.o
                0x0000000008007600                HAL_SRAM_Init
 .text.HAL_TIM_Base_Init
                0x0000000008007688       0x9e ./Drivers/STM32F4xx_HAL_Driver/Src/stm32f4xx_hal_tim.o
                0x0000000008007688                HAL_TIM_Base_Init
 *fill*         0x0000000008007726        0x2 
 .text.HAL_TIM_Base_Start_IT
                0x0000000008007728       0xe0 ./Drivers/STM32F4xx_HAL_Driver/Src/stm32f4xx_hal_tim.o
                0x0000000008007728                HAL_TIM_Base_Start_IT
 .text.HAL_TIM_PWM_Init
                0x0000000008007808       0x9e ./Drivers/STM32F4xx_HAL_Driver/Src/stm32f4xx_hal_tim.o
                0x0000000008007808                HAL_TIM_PWM_Init
 .text.HAL_TIM_PWM_MspInit
                0x00000000080078a6       0x14 ./Drivers/STM32F4xx_HAL_Driver/Src/stm32f4xx_hal_tim.o
                0x00000000080078a6                HAL_TIM_PWM_MspInit
 *fill*         0x00000000080078ba        0x2 
 .text.HAL_TIM_PWM_Start
                0x00000000080078bc      0x190 ./Drivers/STM32F4xx_HAL_Driver/Src/stm32f4xx_hal_tim.o
                0x00000000080078bc                HAL_TIM_PWM_Start
 .text.HAL_TIM_IRQHandler
                0x0000000008007a4c      0x210 ./Drivers/STM32F4xx_HAL_Driver/Src/stm32f4xx_hal_tim.o
                0x0000000008007a4c                HAL_TIM_IRQHandler
 .text.HAL_TIM_PWM_ConfigChannel
                0x0000000008007c5c      0x184 ./Drivers/STM32F4xx_HAL_Driver/Src/stm32f4xx_hal_tim.o
                0x0000000008007c5c                HAL_TIM_PWM_ConfigChannel
 .text.HAL_TIM_ConfigClockSource
                0x0000000008007de0      0x18e ./Drivers/STM32F4xx_HAL_Driver/Src/stm32f4xx_hal_tim.o
                0x0000000008007de0                HAL_TIM_ConfigClockSource
 .text.HAL_TIM_OC_DelayElapsedCallback
                0x0000000008007f6e       0x14 ./Drivers/STM32F4xx_HAL_Driver/Src/stm32f4xx_hal_tim.o
                0x0000000008007f6e                HAL_TIM_OC_DelayElapsedCallback
 .text.HAL_TIM_IC_CaptureCallback
                0x0000000008007f82       0x14 ./Drivers/STM32F4xx_HAL_Driver/Src/stm32f4xx_hal_tim.o
                0x0000000008007f82                HAL_TIM_IC_CaptureCallback
 .text.HAL_TIM_PWM_PulseFinishedCallback
                0x0000000008007f96       0x14 ./Drivers/STM32F4xx_HAL_Driver/Src/stm32f4xx_hal_tim.o
                0x0000000008007f96                HAL_TIM_PWM_PulseFinishedCallback
 .text.HAL_TIM_TriggerCallback
                0x0000000008007faa       0x14 ./Drivers/STM32F4xx_HAL_Driver/Src/stm32f4xx_hal_tim.o
                0x0000000008007faa                HAL_TIM_TriggerCallback
 *fill*         0x0000000008007fbe        0x2 
 .text.TIM_Base_SetConfig
                0x0000000008007fc0      0x140 ./Drivers/STM32F4xx_HAL_Driver/Src/stm32f4xx_hal_tim.o
                0x0000000008007fc0                TIM_Base_SetConfig
 .text.TIM_OC1_SetConfig
                0x0000000008008100       0xe0 ./Drivers/STM32F4xx_HAL_Driver/Src/stm32f4xx_hal_tim.o
 .text.TIM_OC2_SetConfig
                0x00000000080081e0       0xec ./Drivers/STM32F4xx_HAL_Driver/Src/stm32f4xx_hal_tim.o
                0x00000000080081e0                TIM_OC2_SetConfig
 .text.TIM_OC3_SetConfig
                0x00000000080082cc       0xe8 ./Drivers/STM32F4xx_HAL_Driver/Src/stm32f4xx_hal_tim.o
 .text.TIM_OC4_SetConfig
                0x00000000080083b4       0xac ./Drivers/STM32F4xx_HAL_Driver/Src/stm32f4xx_hal_tim.o
 .text.TIM_TI1_ConfigInputStage
                0x0000000008008460       0x5e ./Drivers/STM32F4xx_HAL_Driver/Src/stm32f4xx_hal_tim.o
 .text.TIM_TI2_ConfigInputStage
                0x00000000080084be       0x60 ./Drivers/STM32F4xx_HAL_Driver/Src/stm32f4xx_hal_tim.o
 .text.TIM_ITRx_SetConfig
                0x000000000800851e       0x36 ./Drivers/STM32F4xx_HAL_Driver/Src/stm32f4xx_hal_tim.o
 .text.TIM_ETR_SetConfig
                0x0000000008008554       0x40 ./Drivers/STM32F4xx_HAL_Driver/Src/stm32f4xx_hal_tim.o
                0x0000000008008554                TIM_ETR_SetConfig
 .text.TIM_CCxChannelCmd
                0x0000000008008594       0x4a ./Drivers/STM32F4xx_HAL_Driver/Src/stm32f4xx_hal_tim.o
                0x0000000008008594                TIM_CCxChannelCmd
 *fill*         0x00000000080085de        0x2 
 .text.HAL_TIMEx_MasterConfigSynchronization
                0x00000000080085e0       0xf8 ./Drivers/STM32F4xx_HAL_Driver/Src/stm32f4xx_hal_tim_ex.o
                0x00000000080085e0                HAL_TIMEx_MasterConfigSynchronization
 .text.HAL_TIMEx_CommutCallback
                0x00000000080086d8       0x14 ./Drivers/STM32F4xx_HAL_Driver/Src/stm32f4xx_hal_tim_ex.o
                0x00000000080086d8                HAL_TIMEx_CommutCallback
 .text.HAL_TIMEx_BreakCallback
                0x00000000080086ec       0x14 ./Drivers/STM32F4xx_HAL_Driver/Src/stm32f4xx_hal_tim_ex.o
                0x00000000080086ec                HAL_TIMEx_BreakCallback
 .text.HAL_UART_Init
                0x0000000008008700       0x9a ./Drivers/STM32F4xx_HAL_Driver/Src/stm32f4xx_hal_uart.o
                0x0000000008008700                HAL_UART_Init
 .text.HAL_UART_Transmit
                0x000000000800879a      0x124 ./Drivers/STM32F4xx_HAL_Driver/Src/stm32f4xx_hal_uart.o
                0x000000000800879a                HAL_UART_Transmit
 .text.HAL_UART_Receive_IT
                0x00000000080088be       0x60 ./Drivers/STM32F4xx_HAL_Driver/Src/stm32f4xx_hal_uart.o
                0x00000000080088be                HAL_UART_Receive_IT
 *fill*         0x000000000800891e        0x2 
 .text.HAL_UART_IRQHandler
                0x0000000008008920      0x51c ./Drivers/STM32F4xx_HAL_Driver/Src/stm32f4xx_hal_uart.o
                0x0000000008008920                HAL_UART_IRQHandler
 .text.HAL_UART_TxCpltCallback
                0x0000000008008e3c       0x14 ./Drivers/STM32F4xx_HAL_Driver/Src/stm32f4xx_hal_uart.o
                0x0000000008008e3c                HAL_UART_TxCpltCallback
 .text.HAL_UART_ErrorCallback
                0x0000000008008e50       0x14 ./Drivers/STM32F4xx_HAL_Driver/Src/stm32f4xx_hal_uart.o
                0x0000000008008e50                HAL_UART_ErrorCallback
 .text.HAL_UARTEx_RxEventCallback
                0x0000000008008e64       0x18 ./Drivers/STM32F4xx_HAL_Driver/Src/stm32f4xx_hal_uart.o
                0x0000000008008e64                HAL_UARTEx_RxEventCallback
 .text.UART_WaitOnFlagUntilTimeout
                0x0000000008008e7c       0xdc ./Drivers/STM32F4xx_HAL_Driver/Src/stm32f4xx_hal_uart.o
 .text.UART_Start_Receive_IT
                0x0000000008008f58       0x74 ./Drivers/STM32F4xx_HAL_Driver/Src/stm32f4xx_hal_uart.o
                0x0000000008008f58                UART_Start_Receive_IT
 .text.UART_EndRxTransfer
                0x0000000008008fcc       0xc6 ./Drivers/STM32F4xx_HAL_Driver/Src/stm32f4xx_hal_uart.o
 .text.UART_DMAAbortOnError
                0x0000000008009092       0x28 ./Drivers/STM32F4xx_HAL_Driver/Src/stm32f4xx_hal_uart.o
 .text.UART_Transmit_IT
                0x00000000080090ba       0xa0 ./Drivers/STM32F4xx_HAL_Driver/Src/stm32f4xx_hal_uart.o
 .text.UART_EndTransmit_IT
                0x000000000800915a       0x30 ./Drivers/STM32F4xx_HAL_Driver/Src/stm32f4xx_hal_uart.o
 .text.UART_Receive_IT
                0x000000000800918a      0x176 ./Drivers/STM32F4xx_HAL_Driver/Src/stm32f4xx_hal_uart.o
 .text.UART_SetConfig
                0x0000000008009300      0x390 ./Drivers/STM32F4xx_HAL_Driver/Src/stm32f4xx_hal_uart.o
 .text.FSMC_NORSRAM_Init
                0x0000000008009690       0xa4 ./Drivers/STM32F4xx_HAL_Driver/Src/stm32f4xx_ll_fsmc.o
                0x0000000008009690                FSMC_NORSRAM_Init
 .text.FSMC_NORSRAM_Timing_Init
                0x0000000008009734       0x7a ./Drivers/STM32F4xx_HAL_Driver/Src/stm32f4xx_ll_fsmc.o
                0x0000000008009734                FSMC_NORSRAM_Timing_Init
 *fill*         0x00000000080097ae        0x2 
 .text.FSMC_NORSRAM_Extended_Timing_Init
                0x00000000080097b0       0x80 ./Drivers/STM32F4xx_HAL_Driver/Src/stm32f4xx_ll_fsmc.o
                0x00000000080097b0                FSMC_NORSRAM_Extended_Timing_Init
 .text.__errno  0x0000000008009830        0xc d:/set stm32/stm32cubeide_1.7.0/stm32cubeide/plugins/com.st.stm32cube.ide.mcu.externaltools.gnu-tools-for-stm32.9-2020-q2-update.win32_2.0.0.202105311346/tools/bin/../lib/gcc/arm-none-eabi/9.3.1/../../../../arm-none-eabi/lib/thumb/v7e-m+fp/hard\libc_nano.a(lib_a-errno.o)
                0x0000000008009830                __errno
 .text.__libc_init_array
                0x000000000800983c       0x48 d:/set stm32/stm32cubeide_1.7.0/stm32cubeide/plugins/com.st.stm32cube.ide.mcu.externaltools.gnu-tools-for-stm32.9-2020-q2-update.win32_2.0.0.202105311346/tools/bin/../lib/gcc/arm-none-eabi/9.3.1/../../../../arm-none-eabi/lib/thumb/v7e-m+fp/hard\libc_nano.a(lib_a-init.o)
                0x000000000800983c                __libc_init_array
 .text.memset   0x0000000008009884       0x10 d:/set stm32/stm32cubeide_1.7.0/stm32cubeide/plugins/com.st.stm32cube.ide.mcu.externaltools.gnu-tools-for-stm32.9-2020-q2-update.win32_2.0.0.202105311346/tools/bin/../lib/gcc/arm-none-eabi/9.3.1/../../../../arm-none-eabi/lib/thumb/v7e-m+fp/hard\libc_nano.a(lib_a-memset.o)
                0x0000000008009884                memset
 .text.__cvt    0x0000000008009894       0xc4 d:/set stm32/stm32cubeide_1.7.0/stm32cubeide/plugins/com.st.stm32cube.ide.mcu.externaltools.gnu-tools-for-stm32.9-2020-q2-update.win32_2.0.0.202105311346/tools/bin/../lib/gcc/arm-none-eabi/9.3.1/../../../../arm-none-eabi/lib/thumb/v7e-m+fp/hard\libc_nano.a(lib_a-nano-vfprintf_float.o)
                0x0000000008009894                __cvt
 .text.__exponent
                0x0000000008009958       0x7c d:/set stm32/stm32cubeide_1.7.0/stm32cubeide/plugins/com.st.stm32cube.ide.mcu.externaltools.gnu-tools-for-stm32.9-2020-q2-update.win32_2.0.0.202105311346/tools/bin/../lib/gcc/arm-none-eabi/9.3.1/../../../../arm-none-eabi/lib/thumb/v7e-m+fp/hard\libc_nano.a(lib_a-nano-vfprintf_float.o)
                0x0000000008009958                __exponent
 .text._printf_float
                0x00000000080099d4      0x46c d:/set stm32/stm32cubeide_1.7.0/stm32cubeide/plugins/com.st.stm32cube.ide.mcu.externaltools.gnu-tools-for-stm32.9-2020-q2-update.win32_2.0.0.202105311346/tools/bin/../lib/gcc/arm-none-eabi/9.3.1/../../../../arm-none-eabi/lib/thumb/v7e-m+fp/hard\libc_nano.a(lib_a-nano-vfprintf_float.o)
                0x00000000080099d4                _printf_float
 .text._printf_common
                0x0000000008009e40       0xda d:/set stm32/stm32cubeide_1.7.0/stm32cubeide/plugins/com.st.stm32cube.ide.mcu.externaltools.gnu-tools-for-stm32.9-2020-q2-update.win32_2.0.0.202105311346/tools/bin/../lib/gcc/arm-none-eabi/9.3.1/../../../../arm-none-eabi/lib/thumb/v7e-m+fp/hard\libc_nano.a(lib_a-nano-vfprintf_i.o)
                0x0000000008009e40                _printf_common
 *fill*         0x0000000008009f1a        0x2 
 .text._printf_i
                0x0000000008009f1c      0x24c d:/set stm32/stm32cubeide_1.7.0/stm32cubeide/plugins/com.st.stm32cube.ide.mcu.externaltools.gnu-tools-for-stm32.9-2020-q2-update.win32_2.0.0.202105311346/tools/bin/../lib/gcc/arm-none-eabi/9.3.1/../../../../arm-none-eabi/lib/thumb/v7e-m+fp/hard\libc_nano.a(lib_a-nano-vfprintf_i.o)
                0x0000000008009f1c                _printf_i
 .text.sprintf  0x000000000800a168       0x40 d:/set stm32/stm32cubeide_1.7.0/stm32cubeide/plugins/com.st.stm32cube.ide.mcu.externaltools.gnu-tools-for-stm32.9-2020-q2-update.win32_2.0.0.202105311346/tools/bin/../lib/gcc/arm-none-eabi/9.3.1/../../../../arm-none-eabi/lib/thumb/v7e-m+fp/hard\libc_nano.a(lib_a-sprintf.o)
                0x000000000800a168                siprintf
                0x000000000800a168                sprintf
 .text.quorem   0x000000000800a1a8      0x116 d:/set stm32/stm32cubeide_1.7.0/stm32cubeide/plugins/com.st.stm32cube.ide.mcu.externaltools.gnu-tools-for-stm32.9-2020-q2-update.win32_2.0.0.202105311346/tools/bin/../lib/gcc/arm-none-eabi/9.3.1/../../../../arm-none-eabi/lib/thumb/v7e-m+fp/hard\libc_nano.a(lib_a-dtoa.o)
 *fill*         0x000000000800a2be        0x2 
 .text._dtoa_r  0x000000000800a2c0      0xbd8 d:/set stm32/stm32cubeide_1.7.0/stm32cubeide/plugins/com.st.stm32cube.ide.mcu.externaltools.gnu-tools-for-stm32.9-2020-q2-update.win32_2.0.0.202105311346/tools/bin/../lib/gcc/arm-none-eabi/9.3.1/../../../../arm-none-eabi/lib/thumb/v7e-m+fp/hard\libc_nano.a(lib_a-dtoa.o)
                0x000000000800a2c0                _dtoa_r
 .text._localeconv_r
                0x000000000800ae98        0x8 d:/set stm32/stm32cubeide_1.7.0/stm32cubeide/plugins/com.st.stm32cube.ide.mcu.externaltools.gnu-tools-for-stm32.9-2020-q2-update.win32_2.0.0.202105311346/tools/bin/../lib/gcc/arm-none-eabi/9.3.1/../../../../arm-none-eabi/lib/thumb/v7e-m+fp/hard\libc_nano.a(lib_a-localeconv.o)
                0x000000000800ae98                _localeconv_r
 .text.malloc   0x000000000800aea0       0x10 d:/set stm32/stm32cubeide_1.7.0/stm32cubeide/plugins/com.st.stm32cube.ide.mcu.externaltools.gnu-tools-for-stm32.9-2020-q2-update.win32_2.0.0.202105311346/tools/bin/../lib/gcc/arm-none-eabi/9.3.1/../../../../arm-none-eabi/lib/thumb/v7e-m+fp/hard\libc_nano.a(lib_a-malloc.o)
                0x000000000800aea0                malloc
 .text.memcpy   0x000000000800aeb0       0x1c d:/set stm32/stm32cubeide_1.7.0/stm32cubeide/plugins/com.st.stm32cube.ide.mcu.externaltools.gnu-tools-for-stm32.9-2020-q2-update.win32_2.0.0.202105311346/tools/bin/../lib/gcc/arm-none-eabi/9.3.1/../../../../arm-none-eabi/lib/thumb/v7e-m+fp/hard\libc_nano.a(lib_a-memcpy-stub.o)
                0x000000000800aeb0                memcpy
 .text._Balloc  0x000000000800aecc       0x80 d:/set stm32/stm32cubeide_1.7.0/stm32cubeide/plugins/com.st.stm32cube.ide.mcu.externaltools.gnu-tools-for-stm32.9-2020-q2-update.win32_2.0.0.202105311346/tools/bin/../lib/gcc/arm-none-eabi/9.3.1/../../../../arm-none-eabi/lib/thumb/v7e-m+fp/hard\libc_nano.a(lib_a-mprec.o)
                0x000000000800aecc                _Balloc
 .text._Bfree   0x000000000800af4c       0x44 d:/set stm32/stm32cubeide_1.7.0/stm32cubeide/plugins/com.st.stm32cube.ide.mcu.externaltools.gnu-tools-for-stm32.9-2020-q2-update.win32_2.0.0.202105311346/tools/bin/../lib/gcc/arm-none-eabi/9.3.1/../../../../arm-none-eabi/lib/thumb/v7e-m+fp/hard\libc_nano.a(lib_a-mprec.o)
                0x000000000800af4c                _Bfree
 .text.__multadd
                0x000000000800af90       0x94 d:/set stm32/stm32cubeide_1.7.0/stm32cubeide/plugins/com.st.stm32cube.ide.mcu.externaltools.gnu-tools-for-stm32.9-2020-q2-update.win32_2.0.0.202105311346/tools/bin/../lib/gcc/arm-none-eabi/9.3.1/../../../../arm-none-eabi/lib/thumb/v7e-m+fp/hard\libc_nano.a(lib_a-mprec.o)
                0x000000000800af90                __multadd
 .text.__hi0bits
                0x000000000800b024       0x40 d:/set stm32/stm32cubeide_1.7.0/stm32cubeide/plugins/com.st.stm32cube.ide.mcu.externaltools.gnu-tools-for-stm32.9-2020-q2-update.win32_2.0.0.202105311346/tools/bin/../lib/gcc/arm-none-eabi/9.3.1/../../../../arm-none-eabi/lib/thumb/v7e-m+fp/hard\libc_nano.a(lib_a-mprec.o)
                0x000000000800b024                __hi0bits
 .text.__lo0bits
                0x000000000800b064       0x60 d:/set stm32/stm32cubeide_1.7.0/stm32cubeide/plugins/com.st.stm32cube.ide.mcu.externaltools.gnu-tools-for-stm32.9-2020-q2-update.win32_2.0.0.202105311346/tools/bin/../lib/gcc/arm-none-eabi/9.3.1/../../../../arm-none-eabi/lib/thumb/v7e-m+fp/hard\libc_nano.a(lib_a-mprec.o)
                0x000000000800b064                __lo0bits
 .text.__i2b    0x000000000800b0c4       0x2c d:/set stm32/stm32cubeide_1.7.0/stm32cubeide/plugins/com.st.stm32cube.ide.mcu.externaltools.gnu-tools-for-stm32.9-2020-q2-update.win32_2.0.0.202105311346/tools/bin/../lib/gcc/arm-none-eabi/9.3.1/../../../../arm-none-eabi/lib/thumb/v7e-m+fp/hard\libc_nano.a(lib_a-mprec.o)
                0x000000000800b0c4                __i2b
 .text.__multiply
                0x000000000800b0f0      0x14c d:/set stm32/stm32cubeide_1.7.0/stm32cubeide/plugins/com.st.stm32cube.ide.mcu.externaltools.gnu-tools-for-stm32.9-2020-q2-update.win32_2.0.0.202105311346/tools/bin/../lib/gcc/arm-none-eabi/9.3.1/../../../../arm-none-eabi/lib/thumb/v7e-m+fp/hard\libc_nano.a(lib_a-mprec.o)
                0x000000000800b0f0                __multiply
 .text.__pow5mult
                0x000000000800b23c       0xb4 d:/set stm32/stm32cubeide_1.7.0/stm32cubeide/plugins/com.st.stm32cube.ide.mcu.externaltools.gnu-tools-for-stm32.9-2020-q2-update.win32_2.0.0.202105311346/tools/bin/../lib/gcc/arm-none-eabi/9.3.1/../../../../arm-none-eabi/lib/thumb/v7e-m+fp/hard\libc_nano.a(lib_a-mprec.o)
                0x000000000800b23c                __pow5mult
 .text.__lshift
                0x000000000800b2f0       0xd8 d:/set stm32/stm32cubeide_1.7.0/stm32cubeide/plugins/com.st.stm32cube.ide.mcu.externaltools.gnu-tools-for-stm32.9-2020-q2-update.win32_2.0.0.202105311346/tools/bin/../lib/gcc/arm-none-eabi/9.3.1/../../../../arm-none-eabi/lib/thumb/v7e-m+fp/hard\libc_nano.a(lib_a-mprec.o)
                0x000000000800b2f0                __lshift
 .text.__mcmp   0x000000000800b3c8       0x38 d:/set stm32/stm32cubeide_1.7.0/stm32cubeide/plugins/com.st.stm32cube.ide.mcu.externaltools.gnu-tools-for-stm32.9-2020-q2-update.win32_2.0.0.202105311346/tools/bin/../lib/gcc/arm-none-eabi/9.3.1/../../../../arm-none-eabi/lib/thumb/v7e-m+fp/hard\libc_nano.a(lib_a-mprec.o)
                0x000000000800b3c8                __mcmp
 .text.__mdiff  0x000000000800b400      0x110 d:/set stm32/stm32cubeide_1.7.0/stm32cubeide/plugins/com.st.stm32cube.ide.mcu.externaltools.gnu-tools-for-stm32.9-2020-q2-update.win32_2.0.0.202105311346/tools/bin/../lib/gcc/arm-none-eabi/9.3.1/../../../../arm-none-eabi/lib/thumb/v7e-m+fp/hard\libc_nano.a(lib_a-mprec.o)
                0x000000000800b400                __mdiff
 .text.__d2b    0x000000000800b510       0xb8 d:/set stm32/stm32cubeide_1.7.0/stm32cubeide/plugins/com.st.stm32cube.ide.mcu.externaltools.gnu-tools-for-stm32.9-2020-q2-update.win32_2.0.0.202105311346/tools/bin/../lib/gcc/arm-none-eabi/9.3.1/../../../../arm-none-eabi/lib/thumb/v7e-m+fp/hard\libc_nano.a(lib_a-mprec.o)
                0x000000000800b510                __d2b
 .text._calloc_r
                0x000000000800b5c8       0x1e d:/set stm32/stm32cubeide_1.7.0/stm32cubeide/plugins/com.st.stm32cube.ide.mcu.externaltools.gnu-tools-for-stm32.9-2020-q2-update.win32_2.0.0.202105311346/tools/bin/../lib/gcc/arm-none-eabi/9.3.1/../../../../arm-none-eabi/lib/thumb/v7e-m+fp/hard\libc_nano.a(lib_a-nano-callocr.o)
                0x000000000800b5c8                _calloc_r
 *fill*         0x000000000800b5e6        0x2 
 .text._free_r  0x000000000800b5e8       0xa0 d:/set stm32/stm32cubeide_1.7.0/stm32cubeide/plugins/com.st.stm32cube.ide.mcu.externaltools.gnu-tools-for-stm32.9-2020-q2-update.win32_2.0.0.202105311346/tools/bin/../lib/gcc/arm-none-eabi/9.3.1/../../../../arm-none-eabi/lib/thumb/v7e-m+fp/hard\libc_nano.a(lib_a-nano-freer.o)
                0x000000000800b5e8                _free_r
 .text._malloc_r
                0x000000000800b688       0xb4 d:/set stm32/stm32cubeide_1.7.0/stm32cubeide/plugins/com.st.stm32cube.ide.mcu.externaltools.gnu-tools-for-stm32.9-2020-q2-update.win32_2.0.0.202105311346/tools/bin/../lib/gcc/arm-none-eabi/9.3.1/../../../../arm-none-eabi/lib/thumb/v7e-m+fp/hard\libc_nano.a(lib_a-nano-mallocr.o)
                0x000000000800b688                _malloc_r
 .text.__ssputs_r
                0x000000000800b73c       0xb6 d:/set stm32/stm32cubeide_1.7.0/stm32cubeide/plugins/com.st.stm32cube.ide.mcu.externaltools.gnu-tools-for-stm32.9-2020-q2-update.win32_2.0.0.202105311346/tools/bin/../lib/gcc/arm-none-eabi/9.3.1/../../../../arm-none-eabi/lib/thumb/v7e-m+fp/hard\libc_nano.a(lib_a-nano-svfprintf.o)
                0x000000000800b73c                __ssputs_r
 *fill*         0x000000000800b7f2        0x2 
 .text._svfprintf_r
                0x000000000800b7f4      0x200 d:/set stm32/stm32cubeide_1.7.0/stm32cubeide/plugins/com.st.stm32cube.ide.mcu.externaltools.gnu-tools-for-stm32.9-2020-q2-update.win32_2.0.0.202105311346/tools/bin/../lib/gcc/arm-none-eabi/9.3.1/../../../../arm-none-eabi/lib/thumb/v7e-m+fp/hard\libc_nano.a(lib_a-nano-svfprintf.o)
                0x000000000800b7f4                _svfiprintf_r
                0x000000000800b7f4                _svfprintf_r
 .text._sbrk_r  0x000000000800b9f4       0x20 d:/set stm32/stm32cubeide_1.7.0/stm32cubeide/plugins/com.st.stm32cube.ide.mcu.externaltools.gnu-tools-for-stm32.9-2020-q2-update.win32_2.0.0.202105311346/tools/bin/../lib/gcc/arm-none-eabi/9.3.1/../../../../arm-none-eabi/lib/thumb/v7e-m+fp/hard\libc_nano.a(lib_a-sbrkr.o)
                0x000000000800b9f4                _sbrk_r
 .text.__assert_func
                0x000000000800ba14       0x3c d:/set stm32/stm32cubeide_1.7.0/stm32cubeide/plugins/com.st.stm32cube.ide.mcu.externaltools.gnu-tools-for-stm32.9-2020-q2-update.win32_2.0.0.202105311346/tools/bin/../lib/gcc/arm-none-eabi/9.3.1/../../../../arm-none-eabi/lib/thumb/v7e-m+fp/hard\libc_nano.a(lib_a-assert.o)
                0x000000000800ba14                __assert_func
 .text.fprintf  0x000000000800ba50       0x24 d:/set stm32/stm32cubeide_1.7.0/stm32cubeide/plugins/com.st.stm32cube.ide.mcu.externaltools.gnu-tools-for-stm32.9-2020-q2-update.win32_2.0.0.202105311346/tools/bin/../lib/gcc/arm-none-eabi/9.3.1/../../../../arm-none-eabi/lib/thumb/v7e-m+fp/hard\libc_nano.a(lib_a-fprintf.o)
                0x000000000800ba50                fiprintf
                0x000000000800ba50                fprintf
 .text.__ascii_mbtowc
                0x000000000800ba74       0x24 d:/set stm32/stm32cubeide_1.7.0/stm32cubeide/plugins/com.st.stm32cube.ide.mcu.externaltools.gnu-tools-for-stm32.9-2020-q2-update.win32_2.0.0.202105311346/tools/bin/../lib/gcc/arm-none-eabi/9.3.1/../../../../arm-none-eabi/lib/thumb/v7e-m+fp/hard\libc_nano.a(lib_a-mbtowc_r.o)
                0x000000000800ba74                __ascii_mbtowc
 .text.memmove  0x000000000800ba98       0x34 d:/set stm32/stm32cubeide_1.7.0/stm32cubeide/plugins/com.st.stm32cube.ide.mcu.externaltools.gnu-tools-for-stm32.9-2020-q2-update.win32_2.0.0.202105311346/tools/bin/../lib/gcc/arm-none-eabi/9.3.1/../../../../arm-none-eabi/lib/thumb/v7e-m+fp/hard\libc_nano.a(lib_a-memmove.o)
                0x000000000800ba98                memmove
 .text.__malloc_lock
                0x000000000800bacc        0xc d:/set stm32/stm32cubeide_1.7.0/stm32cubeide/plugins/com.st.stm32cube.ide.mcu.externaltools.gnu-tools-for-stm32.9-2020-q2-update.win32_2.0.0.202105311346/tools/bin/../lib/gcc/arm-none-eabi/9.3.1/../../../../arm-none-eabi/lib/thumb/v7e-m+fp/hard\libc_nano.a(lib_a-mlock.o)
                0x000000000800bacc                __malloc_lock
 .text.__malloc_unlock
                0x000000000800bad8        0xc d:/set stm32/stm32cubeide_1.7.0/stm32cubeide/plugins/com.st.stm32cube.ide.mcu.externaltools.gnu-tools-for-stm32.9-2020-q2-update.win32_2.0.0.202105311346/tools/bin/../lib/gcc/arm-none-eabi/9.3.1/../../../../arm-none-eabi/lib/thumb/v7e-m+fp/hard\libc_nano.a(lib_a-mlock.o)
                0x000000000800bad8                __malloc_unlock
 .text._realloc_r
                0x000000000800bae4       0x4c d:/set stm32/stm32cubeide_1.7.0/stm32cubeide/plugins/com.st.stm32cube.ide.mcu.externaltools.gnu-tools-for-stm32.9-2020-q2-update.win32_2.0.0.202105311346/tools/bin/../lib/gcc/arm-none-eabi/9.3.1/../../../../arm-none-eabi/lib/thumb/v7e-m+fp/hard\libc_nano.a(lib_a-nano-reallocr.o)
                0x000000000800bae4                _realloc_r
 .text.__sfputc_r
                0x000000000800bb30       0x2e d:/set stm32/stm32cubeide_1.7.0/stm32cubeide/plugins/com.st.stm32cube.ide.mcu.externaltools.gnu-tools-for-stm32.9-2020-q2-update.win32_2.0.0.202105311346/tools/bin/../lib/gcc/arm-none-eabi/9.3.1/../../../../arm-none-eabi/lib/thumb/v7e-m+fp/hard\libc_nano.a(lib_a-nano-vfprintf.o)
 .text.__sfputs_r
                0x000000000800bb5e       0x24 d:/set stm32/stm32cubeide_1.7.0/stm32cubeide/plugins/com.st.stm32cube.ide.mcu.externaltools.gnu-tools-for-stm32.9-2020-q2-update.win32_2.0.0.202105311346/tools/bin/../lib/gcc/arm-none-eabi/9.3.1/../../../../arm-none-eabi/lib/thumb/v7e-m+fp/hard\libc_nano.a(lib_a-nano-vfprintf.o)
                0x000000000800bb5e                __sfputs_r
 *fill*         0x000000000800bb82        0x2 
 .text._vfprintf_r
                0x000000000800bb84      0x260 d:/set stm32/stm32cubeide_1.7.0/stm32cubeide/plugins/com.st.stm32cube.ide.mcu.externaltools.gnu-tools-for-stm32.9-2020-q2-update.win32_2.0.0.202105311346/tools/bin/../lib/gcc/arm-none-eabi/9.3.1/../../../../arm-none-eabi/lib/thumb/v7e-m+fp/hard\libc_nano.a(lib_a-nano-vfprintf.o)
                0x000000000800bb84                _vfprintf_r
                0x000000000800bb84                _vfiprintf_r
 .text.__swbuf_r
                0x000000000800bde4       0xa4 d:/set stm32/stm32cubeide_1.7.0/stm32cubeide/plugins/com.st.stm32cube.ide.mcu.externaltools.gnu-tools-for-stm32.9-2020-q2-update.win32_2.0.0.202105311346/tools/bin/../lib/gcc/arm-none-eabi/9.3.1/../../../../arm-none-eabi/lib/thumb/v7e-m+fp/hard\libc_nano.a(lib_a-wbuf.o)
                0x000000000800bde4                __swbuf_r
 .text.__ascii_wctomb
                0x000000000800be88       0x1a d:/set stm32/stm32cubeide_1.7.0/stm32cubeide/plugins/com.st.stm32cube.ide.mcu.externaltools.gnu-tools-for-stm32.9-2020-q2-update.win32_2.0.0.202105311346/tools/bin/../lib/gcc/arm-none-eabi/9.3.1/../../../../arm-none-eabi/lib/thumb/v7e-m+fp/hard\libc_nano.a(lib_a-wctomb_r.o)
                0x000000000800be88                __ascii_wctomb
 *fill*         0x000000000800bea2        0x2 
 .text.__swsetup_r
                0x000000000800bea4       0xdc d:/set stm32/stm32cubeide_1.7.0/stm32cubeide/plugins/com.st.stm32cube.ide.mcu.externaltools.gnu-tools-for-stm32.9-2020-q2-update.win32_2.0.0.202105311346/tools/bin/../lib/gcc/arm-none-eabi/9.3.1/../../../../arm-none-eabi/lib/thumb/v7e-m+fp/hard\libc_nano.a(lib_a-wsetup.o)
                0x000000000800bea4                __swsetup_r
 .text.abort    0x000000000800bf80        0xe d:/set stm32/stm32cubeide_1.7.0/stm32cubeide/plugins/com.st.stm32cube.ide.mcu.externaltools.gnu-tools-for-stm32.9-2020-q2-update.win32_2.0.0.202105311346/tools/bin/../lib/gcc/arm-none-eabi/9.3.1/../../../../arm-none-eabi/lib/thumb/v7e-m+fp/hard\libc_nano.a(lib_a-abort.o)
                0x000000000800bf80                abort
 *fill*         0x000000000800bf8e        0x2 
 .text.__sflush_r
                0x000000000800bf90      0x10c d:/set stm32/stm32cubeide_1.7.0/stm32cubeide/plugins/com.st.stm32cube.ide.mcu.externaltools.gnu-tools-for-stm32.9-2020-q2-update.win32_2.0.0.202105311346/tools/bin/../lib/gcc/arm-none-eabi/9.3.1/../../../../arm-none-eabi/lib/thumb/v7e-m+fp/hard\libc_nano.a(lib_a-fflush.o)
                0x000000000800bf90                __sflush_r
 .text._fflush_r
                0x000000000800c09c       0x78 d:/set stm32/stm32cubeide_1.7.0/stm32cubeide/plugins/com.st.stm32cube.ide.mcu.externaltools.gnu-tools-for-stm32.9-2020-q2-update.win32_2.0.0.202105311346/tools/bin/../lib/gcc/arm-none-eabi/9.3.1/../../../../arm-none-eabi/lib/thumb/v7e-m+fp/hard\libc_nano.a(lib_a-fflush.o)
                0x000000000800c09c                _fflush_r
 .text.std      0x000000000800c114       0x48 d:/set stm32/stm32cubeide_1.7.0/stm32cubeide/plugins/com.st.stm32cube.ide.mcu.externaltools.gnu-tools-for-stm32.9-2020-q2-update.win32_2.0.0.202105311346/tools/bin/../lib/gcc/arm-none-eabi/9.3.1/../../../../arm-none-eabi/lib/thumb/v7e-m+fp/hard\libc_nano.a(lib_a-findfp.o)
 .text._cleanup_r
                0x000000000800c15c        0xc d:/set stm32/stm32cubeide_1.7.0/stm32cubeide/plugins/com.st.stm32cube.ide.mcu.externaltools.gnu-tools-for-stm32.9-2020-q2-update.win32_2.0.0.202105311346/tools/bin/../lib/gcc/arm-none-eabi/9.3.1/../../../../arm-none-eabi/lib/thumb/v7e-m+fp/hard\libc_nano.a(lib_a-findfp.o)
                0x000000000800c15c                _cleanup_r
 .text.__sfmoreglue
                0x000000000800c168       0x2c d:/set stm32/stm32cubeide_1.7.0/stm32cubeide/plugins/com.st.stm32cube.ide.mcu.externaltools.gnu-tools-for-stm32.9-2020-q2-update.win32_2.0.0.202105311346/tools/bin/../lib/gcc/arm-none-eabi/9.3.1/../../../../arm-none-eabi/lib/thumb/v7e-m+fp/hard\libc_nano.a(lib_a-findfp.o)
                0x000000000800c168                __sfmoreglue
 .text.__sfp_lock_acquire
                0x000000000800c194        0xc d:/set stm32/stm32cubeide_1.7.0/stm32cubeide/plugins/com.st.stm32cube.ide.mcu.externaltools.gnu-tools-for-stm32.9-2020-q2-update.win32_2.0.0.202105311346/tools/bin/../lib/gcc/arm-none-eabi/9.3.1/../../../../arm-none-eabi/lib/thumb/v7e-m+fp/hard\libc_nano.a(lib_a-findfp.o)
                0x000000000800c194                __sfp_lock_acquire
 .text.__sfp_lock_release
                0x000000000800c1a0        0xc d:/set stm32/stm32cubeide_1.7.0/stm32cubeide/plugins/com.st.stm32cube.ide.mcu.externaltools.gnu-tools-for-stm32.9-2020-q2-update.win32_2.0.0.202105311346/tools/bin/../lib/gcc/arm-none-eabi/9.3.1/../../../../arm-none-eabi/lib/thumb/v7e-m+fp/hard\libc_nano.a(lib_a-findfp.o)
                0x000000000800c1a0                __sfp_lock_release
 .text.__sinit_lock_acquire
                0x000000000800c1ac        0xc d:/set stm32/stm32cubeide_1.7.0/stm32cubeide/plugins/com.st.stm32cube.ide.mcu.externaltools.gnu-tools-for-stm32.9-2020-q2-update.win32_2.0.0.202105311346/tools/bin/../lib/gcc/arm-none-eabi/9.3.1/../../../../arm-none-eabi/lib/thumb/v7e-m+fp/hard\libc_nano.a(lib_a-findfp.o)
                0x000000000800c1ac                __sinit_lock_acquire
 .text.__sinit_lock_release
                0x000000000800c1b8        0xc d:/set stm32/stm32cubeide_1.7.0/stm32cubeide/plugins/com.st.stm32cube.ide.mcu.externaltools.gnu-tools-for-stm32.9-2020-q2-update.win32_2.0.0.202105311346/tools/bin/../lib/gcc/arm-none-eabi/9.3.1/../../../../arm-none-eabi/lib/thumb/v7e-m+fp/hard\libc_nano.a(lib_a-findfp.o)
                0x000000000800c1b8                __sinit_lock_release
 .text.__sinit  0x000000000800c1c4       0x70 d:/set stm32/stm32cubeide_1.7.0/stm32cubeide/plugins/com.st.stm32cube.ide.mcu.externaltools.gnu-tools-for-stm32.9-2020-q2-update.win32_2.0.0.202105311346/tools/bin/../lib/gcc/arm-none-eabi/9.3.1/../../../../arm-none-eabi/lib/thumb/v7e-m+fp/hard\libc_nano.a(lib_a-findfp.o)
                0x000000000800c1c4                __sinit
 .text.__sfp    0x000000000800c234       0x8c d:/set stm32/stm32cubeide_1.7.0/stm32cubeide/plugins/com.st.stm32cube.ide.mcu.externaltools.gnu-tools-for-stm32.9-2020-q2-update.win32_2.0.0.202105311346/tools/bin/../lib/gcc/arm-none-eabi/9.3.1/../../../../arm-none-eabi/lib/thumb/v7e-m+fp/hard\libc_nano.a(lib_a-findfp.o)
                0x000000000800c234                __sfp
 .text._fwalk_reent
                0x000000000800c2c0       0x3e d:/set stm32/stm32cubeide_1.7.0/stm32cubeide/plugins/com.st.stm32cube.ide.mcu.externaltools.gnu-tools-for-stm32.9-2020-q2-update.win32_2.0.0.202105311346/tools/bin/../lib/gcc/arm-none-eabi/9.3.1/../../../../arm-none-eabi/lib/thumb/v7e-m+fp/hard\libc_nano.a(lib_a-fwalk.o)
                0x000000000800c2c0                _fwalk_reent
 .text.__retarget_lock_init_recursive
                0x000000000800c2fe        0x2 d:/set stm32/stm32cubeide_1.7.0/stm32cubeide/plugins/com.st.stm32cube.ide.mcu.externaltools.gnu-tools-for-stm32.9-2020-q2-update.win32_2.0.0.202105311346/tools/bin/../lib/gcc/arm-none-eabi/9.3.1/../../../../arm-none-eabi/lib/thumb/v7e-m+fp/hard\libc_nano.a(lib_a-lock.o)
                0x000000000800c2fe                __retarget_lock_init_recursive
 .text.__retarget_lock_acquire_recursive
                0x000000000800c300        0x2 d:/set stm32/stm32cubeide_1.7.0/stm32cubeide/plugins/com.st.stm32cube.ide.mcu.externaltools.gnu-tools-for-stm32.9-2020-q2-update.win32_2.0.0.202105311346/tools/bin/../lib/gcc/arm-none-eabi/9.3.1/../../../../arm-none-eabi/lib/thumb/v7e-m+fp/hard\libc_nano.a(lib_a-lock.o)
                0x000000000800c300                __retarget_lock_acquire_recursive
 .text.__retarget_lock_release_recursive
                0x000000000800c302        0x2 d:/set stm32/stm32cubeide_1.7.0/stm32cubeide/plugins/com.st.stm32cube.ide.mcu.externaltools.gnu-tools-for-stm32.9-2020-q2-update.win32_2.0.0.202105311346/tools/bin/../lib/gcc/arm-none-eabi/9.3.1/../../../../arm-none-eabi/lib/thumb/v7e-m+fp/hard\libc_nano.a(lib_a-lock.o)
                0x000000000800c302                __retarget_lock_release_recursive
 .text.__swhatbuf_r
                0x000000000800c304       0x48 d:/set stm32/stm32cubeide_1.7.0/stm32cubeide/plugins/com.st.stm32cube.ide.mcu.externaltools.gnu-tools-for-stm32.9-2020-q2-update.win32_2.0.0.202105311346/tools/bin/../lib/gcc/arm-none-eabi/9.3.1/../../../../arm-none-eabi/lib/thumb/v7e-m+fp/hard\libc_nano.a(lib_a-makebuf.o)
                0x000000000800c304                __swhatbuf_r
 .text.__smakebuf_r
                0x000000000800c34c       0x80 d:/set stm32/stm32cubeide_1.7.0/stm32cubeide/plugins/com.st.stm32cube.ide.mcu.externaltools.gnu-tools-for-stm32.9-2020-q2-update.win32_2.0.0.202105311346/tools/bin/../lib/gcc/arm-none-eabi/9.3.1/../../../../arm-none-eabi/lib/thumb/v7e-m+fp/hard\libc_nano.a(lib_a-makebuf.o)
                0x000000000800c34c                __smakebuf_r
 .text._malloc_usable_size_r
                0x000000000800c3cc       0x10 d:/set stm32/stm32cubeide_1.7.0/stm32cubeide/plugins/com.st.stm32cube.ide.mcu.externaltools.gnu-tools-for-stm32.9-2020-q2-update.win32_2.0.0.202105311346/tools/bin/../lib/gcc/arm-none-eabi/9.3.1/../../../../arm-none-eabi/lib/thumb/v7e-m+fp/hard\libc_nano.a(lib_a-nano-msizer.o)
                0x000000000800c3cc                _malloc_usable_size_r
 .text._raise_r
                0x000000000800c3dc       0x50 d:/set stm32/stm32cubeide_1.7.0/stm32cubeide/plugins/com.st.stm32cube.ide.mcu.externaltools.gnu-tools-for-stm32.9-2020-q2-update.win32_2.0.0.202105311346/tools/bin/../lib/gcc/arm-none-eabi/9.3.1/../../../../arm-none-eabi/lib/thumb/v7e-m+fp/hard\libc_nano.a(lib_a-signal.o)
                0x000000000800c3dc                _raise_r
 .text.raise    0x000000000800c42c       0x10 d:/set stm32/stm32cubeide_1.7.0/stm32cubeide/plugins/com.st.stm32cube.ide.mcu.externaltools.gnu-tools-for-stm32.9-2020-q2-update.win32_2.0.0.202105311346/tools/bin/../lib/gcc/arm-none-eabi/9.3.1/../../../../arm-none-eabi/lib/thumb/v7e-m+fp/hard\libc_nano.a(lib_a-signal.o)
                0x000000000800c42c                raise
 .text._kill_r  0x000000000800c43c       0x24 d:/set stm32/stm32cubeide_1.7.0/stm32cubeide/plugins/com.st.stm32cube.ide.mcu.externaltools.gnu-tools-for-stm32.9-2020-q2-update.win32_2.0.0.202105311346/tools/bin/../lib/gcc/arm-none-eabi/9.3.1/../../../../arm-none-eabi/lib/thumb/v7e-m+fp/hard\libc_nano.a(lib_a-signalr.o)
                0x000000000800c43c                _kill_r
 .text._getpid_r
                0x000000000800c460        0x4 d:/set stm32/stm32cubeide_1.7.0/stm32cubeide/plugins/com.st.stm32cube.ide.mcu.externaltools.gnu-tools-for-stm32.9-2020-q2-update.win32_2.0.0.202105311346/tools/bin/../lib/gcc/arm-none-eabi/9.3.1/../../../../arm-none-eabi/lib/thumb/v7e-m+fp/hard\libc_nano.a(lib_a-signalr.o)
                0x000000000800c460                _getpid_r
 .text.__sread  0x000000000800c464       0x22 d:/set stm32/stm32cubeide_1.7.0/stm32cubeide/plugins/com.st.stm32cube.ide.mcu.externaltools.gnu-tools-for-stm32.9-2020-q2-update.win32_2.0.0.202105311346/tools/bin/../lib/gcc/arm-none-eabi/9.3.1/../../../../arm-none-eabi/lib/thumb/v7e-m+fp/hard\libc_nano.a(lib_a-stdio.o)
                0x000000000800c464                __sread
 .text.__swrite
                0x000000000800c486       0x38 d:/set stm32/stm32cubeide_1.7.0/stm32cubeide/plugins/com.st.stm32cube.ide.mcu.externaltools.gnu-tools-for-stm32.9-2020-q2-update.win32_2.0.0.202105311346/tools/bin/../lib/gcc/arm-none-eabi/9.3.1/../../../../arm-none-eabi/lib/thumb/v7e-m+fp/hard\libc_nano.a(lib_a-stdio.o)
                0x000000000800c486                __swrite
 .text.__sseek  0x000000000800c4be       0x24 d:/set stm32/stm32cubeide_1.7.0/stm32cubeide/plugins/com.st.stm32cube.ide.mcu.externaltools.gnu-tools-for-stm32.9-2020-q2-update.win32_2.0.0.202105311346/tools/bin/../lib/gcc/arm-none-eabi/9.3.1/../../../../arm-none-eabi/lib/thumb/v7e-m+fp/hard\libc_nano.a(lib_a-stdio.o)
                0x000000000800c4be                __sseek
 .text.__sclose
                0x000000000800c4e2        0x8 d:/set stm32/stm32cubeide_1.7.0/stm32cubeide/plugins/com.st.stm32cube.ide.mcu.externaltools.gnu-tools-for-stm32.9-2020-q2-update.win32_2.0.0.202105311346/tools/bin/../lib/gcc/arm-none-eabi/9.3.1/../../../../arm-none-eabi/lib/thumb/v7e-m+fp/hard\libc_nano.a(lib_a-stdio.o)
                0x000000000800c4e2                __sclose
 *fill*         0x000000000800c4ea        0x2 
 .text._write_r
                0x000000000800c4ec       0x24 d:/set stm32/stm32cubeide_1.7.0/stm32cubeide/plugins/com.st.stm32cube.ide.mcu.externaltools.gnu-tools-for-stm32.9-2020-q2-update.win32_2.0.0.202105311346/tools/bin/../lib/gcc/arm-none-eabi/9.3.1/../../../../arm-none-eabi/lib/thumb/v7e-m+fp/hard\libc_nano.a(lib_a-writer.o)
                0x000000000800c4ec                _write_r
 .text._close_r
                0x000000000800c510       0x20 d:/set stm32/stm32cubeide_1.7.0/stm32cubeide/plugins/com.st.stm32cube.ide.mcu.externaltools.gnu-tools-for-stm32.9-2020-q2-update.win32_2.0.0.202105311346/tools/bin/../lib/gcc/arm-none-eabi/9.3.1/../../../../arm-none-eabi/lib/thumb/v7e-m+fp/hard\libc_nano.a(lib_a-closer.o)
                0x000000000800c510                _close_r
 .text._fstat_r
                0x000000000800c530       0x24 d:/set stm32/stm32cubeide_1.7.0/stm32cubeide/plugins/com.st.stm32cube.ide.mcu.externaltools.gnu-tools-for-stm32.9-2020-q2-update.win32_2.0.0.202105311346/tools/bin/../lib/gcc/arm-none-eabi/9.3.1/../../../../arm-none-eabi/lib/thumb/v7e-m+fp/hard\libc_nano.a(lib_a-fstatr.o)
                0x000000000800c530                _fstat_r
 .text._isatty_r
                0x000000000800c554       0x20 d:/set stm32/stm32cubeide_1.7.0/stm32cubeide/plugins/com.st.stm32cube.ide.mcu.externaltools.gnu-tools-for-stm32.9-2020-q2-update.win32_2.0.0.202105311346/tools/bin/../lib/gcc/arm-none-eabi/9.3.1/../../../../arm-none-eabi/lib/thumb/v7e-m+fp/hard\libc_nano.a(lib_a-isattyr.o)
                0x000000000800c554                _isatty_r
 .text._lseek_r
                0x000000000800c574       0x24 d:/set stm32/stm32cubeide_1.7.0/stm32cubeide/plugins/com.st.stm32cube.ide.mcu.externaltools.gnu-tools-for-stm32.9-2020-q2-update.win32_2.0.0.202105311346/tools/bin/../lib/gcc/arm-none-eabi/9.3.1/../../../../arm-none-eabi/lib/thumb/v7e-m+fp/hard\libc_nano.a(lib_a-lseekr.o)
                0x000000000800c574                _lseek_r
 .text._read_r  0x000000000800c598       0x24 d:/set stm32/stm32cubeide_1.7.0/stm32cubeide/plugins/com.st.stm32cube.ide.mcu.externaltools.gnu-tools-for-stm32.9-2020-q2-update.win32_2.0.0.202105311346/tools/bin/../lib/gcc/arm-none-eabi/9.3.1/../../../../arm-none-eabi/lib/thumb/v7e-m+fp/hard\libc_nano.a(lib_a-readr.o)
                0x000000000800c598                _read_r
 *(.glue_7)
 .glue_7        0x000000000800c5bc        0x0 linker stubs
 *(.glue_7t)
 .glue_7t       0x000000000800c5bc        0x0 linker stubs
 *(.eh_frame)
 .eh_frame      0x000000000800c5bc        0x0 d:/set stm32/stm32cubeide_1.7.0/stm32cubeide/plugins/com.st.stm32cube.ide.mcu.externaltools.gnu-tools-for-stm32.9-2020-q2-update.win32_2.0.0.202105311346/tools/bin/../lib/gcc/arm-none-eabi/9.3.1/thumb/v7e-m+fp/hard/crtbegin.o
 *(.init)
 .init          0x000000000800c5bc        0x4 d:/set stm32/stm32cubeide_1.7.0/stm32cubeide/plugins/com.st.stm32cube.ide.mcu.externaltools.gnu-tools-for-stm32.9-2020-q2-update.win32_2.0.0.202105311346/tools/bin/../lib/gcc/arm-none-eabi/9.3.1/thumb/v7e-m+fp/hard/crti.o
                0x000000000800c5bc                _init
 .init          0x000000000800c5c0        0x8 d:/set stm32/stm32cubeide_1.7.0/stm32cubeide/plugins/com.st.stm32cube.ide.mcu.externaltools.gnu-tools-for-stm32.9-2020-q2-update.win32_2.0.0.202105311346/tools/bin/../lib/gcc/arm-none-eabi/9.3.1/thumb/v7e-m+fp/hard/crtn.o
 *(.fini)
 .fini          0x000000000800c5c8        0x4 d:/set stm32/stm32cubeide_1.7.0/stm32cubeide/plugins/com.st.stm32cube.ide.mcu.externaltools.gnu-tools-for-stm32.9-2020-q2-update.win32_2.0.0.202105311346/tools/bin/../lib/gcc/arm-none-eabi/9.3.1/thumb/v7e-m+fp/hard/crti.o
                0x000000000800c5c8                _fini
 .fini          0x000000000800c5cc        0x8 d:/set stm32/stm32cubeide_1.7.0/stm32cubeide/plugins/com.st.stm32cube.ide.mcu.externaltools.gnu-tools-for-stm32.9-2020-q2-update.win32_2.0.0.202105311346/tools/bin/../lib/gcc/arm-none-eabi/9.3.1/thumb/v7e-m+fp/hard/crtn.o
                0x000000000800c5d4                . = ALIGN (0x4)
                0x000000000800c5d4                _etext = .

.vfp11_veneer   0x000000000800c5d4        0x0
 .vfp11_veneer  0x000000000800c5d4        0x0 linker stubs

.v4_bx          0x000000000800c5d4        0x0
 .v4_bx         0x000000000800c5d4        0x0 linker stubs

.iplt           0x000000000800c5d4        0x0
 .iplt          0x000000000800c5d4        0x0 d:/set stm32/stm32cubeide_1.7.0/stm32cubeide/plugins/com.st.stm32cube.ide.mcu.externaltools.gnu-tools-for-stm32.9-2020-q2-update.win32_2.0.0.202105311346/tools/bin/../lib/gcc/arm-none-eabi/9.3.1/thumb/v7e-m+fp/hard/crtbegin.o

.rodata         0x000000000800c5d8     0x34bc
                0x000000000800c5d8                . = ALIGN (0x4)
 *(.rodata)
 .rodata        0x000000000800c5d8       0xf0 ./Core/Src/main.o
 .rodata        0x000000000800c6c8       0x34 ./Core/Src/sim.o
 .rodata        0x000000000800c6fc       0x12 ./Core/Src/uart.o
 *(.rodata*)
 *fill*         0x000000000800c70e        0x2 
 .rodata.ascii_1608
                0x000000000800c710      0x5f0 ./Core/Src/lcd.o
                0x000000000800c710                ascii_1608
 .rodata.ascii_2412
                0x000000000800cd00     0x11d0 ./Core/Src/lcd.o
                0x000000000800cd00                ascii_2412
 .rodata.ascii_3216
                0x000000000800ded0     0x17c0 ./Core/Src/lcd.o
                0x000000000800ded0                ascii_3216
 .rodata.AHBPrescTable
                0x000000000800f690       0x10 ./Core/Src/system_stm32f4xx.o
                0x000000000800f690                AHBPrescTable
 .rodata.APBPrescTable
                0x000000000800f6a0        0x8 ./Core/Src/system_stm32f4xx.o
                0x000000000800f6a0                APBPrescTable
 .rodata.flagBitshiftOffset.9376
                0x000000000800f6a8        0x8 ./Drivers/STM32F4xx_HAL_Driver/Src/stm32f4xx_hal_dma.o
 .rodata._global_impure_ptr
                0x000000000800f6b0        0x4 d:/set stm32/stm32cubeide_1.7.0/stm32cubeide/plugins/com.st.stm32cube.ide.mcu.externaltools.gnu-tools-for-stm32.9-2020-q2-update.win32_2.0.0.202105311346/tools/bin/../lib/gcc/arm-none-eabi/9.3.1/../../../../arm-none-eabi/lib/thumb/v7e-m+fp/hard\libc_nano.a(lib_a-impure.o)
                0x000000000800f6b0                _global_impure_ptr
 .rodata._printf_float.str1.1
                0x000000000800f6b4       0x12 d:/set stm32/stm32cubeide_1.7.0/stm32cubeide/plugins/com.st.stm32cube.ide.mcu.externaltools.gnu-tools-for-stm32.9-2020-q2-update.win32_2.0.0.202105311346/tools/bin/../lib/gcc/arm-none-eabi/9.3.1/../../../../arm-none-eabi/lib/thumb/v7e-m+fp/hard\libc_nano.a(lib_a-nano-vfprintf_float.o)
 .rodata._printf_i.str1.1
                0x000000000800f6c6       0x22 d:/set stm32/stm32cubeide_1.7.0/stm32cubeide/plugins/com.st.stm32cube.ide.mcu.externaltools.gnu-tools-for-stm32.9-2020-q2-update.win32_2.0.0.202105311346/tools/bin/../lib/gcc/arm-none-eabi/9.3.1/../../../../arm-none-eabi/lib/thumb/v7e-m+fp/hard\libc_nano.a(lib_a-nano-vfprintf_i.o)
 .rodata._dtoa_r.str1.1
                0x000000000800f6e8       0x94 d:/set stm32/stm32cubeide_1.7.0/stm32cubeide/plugins/com.st.stm32cube.ide.mcu.externaltools.gnu-tools-for-stm32.9-2020-q2-update.win32_2.0.0.202105311346/tools/bin/../lib/gcc/arm-none-eabi/9.3.1/../../../../arm-none-eabi/lib/thumb/v7e-m+fp/hard\libc_nano.a(lib_a-dtoa.o)
                                         0x96 (size before relaxing)
 .rodata._Balloc.str1.1
                0x000000000800f77c       0x60 d:/set stm32/stm32cubeide_1.7.0/stm32cubeide/plugins/com.st.stm32cube.ide.mcu.externaltools.gnu-tools-for-stm32.9-2020-q2-update.win32_2.0.0.202105311346/tools/bin/../lib/gcc/arm-none-eabi/9.3.1/../../../../arm-none-eabi/lib/thumb/v7e-m+fp/hard\libc_nano.a(lib_a-mprec.o)
                                         0x77 (size before relaxing)
 .rodata.__multadd.str1.1
                0x000000000800f7dc       0x11 d:/set stm32/stm32cubeide_1.7.0/stm32cubeide/plugins/com.st.stm32cube.ide.mcu.externaltools.gnu-tools-for-stm32.9-2020-q2-update.win32_2.0.0.202105311346/tools/bin/../lib/gcc/arm-none-eabi/9.3.1/../../../../arm-none-eabi/lib/thumb/v7e-m+fp/hard\libc_nano.a(lib_a-mprec.o)
 *fill*         0x000000000800f7dc        0x4 
 .rodata.__mprec_bigtens
                0x000000000800f7e0       0x28 d:/set stm32/stm32cubeide_1.7.0/stm32cubeide/plugins/com.st.stm32cube.ide.mcu.externaltools.gnu-tools-for-stm32.9-2020-q2-update.win32_2.0.0.202105311346/tools/bin/../lib/gcc/arm-none-eabi/9.3.1/../../../../arm-none-eabi/lib/thumb/v7e-m+fp/hard\libc_nano.a(lib_a-mprec.o)
                0x000000000800f7e0                __mprec_bigtens
 .rodata.__mprec_tens
                0x000000000800f808       0xc8 d:/set stm32/stm32cubeide_1.7.0/stm32cubeide/plugins/com.st.stm32cube.ide.mcu.externaltools.gnu-tools-for-stm32.9-2020-q2-update.win32_2.0.0.202105311346/tools/bin/../lib/gcc/arm-none-eabi/9.3.1/../../../../arm-none-eabi/lib/thumb/v7e-m+fp/hard\libc_nano.a(lib_a-mprec.o)
                0x000000000800f808                __mprec_tens
 .rodata.p05.7513
                0x000000000800f8d0        0xc d:/set stm32/stm32cubeide_1.7.0/stm32cubeide/plugins/com.st.stm32cube.ide.mcu.externaltools.gnu-tools-for-stm32.9-2020-q2-update.win32_2.0.0.202105311346/tools/bin/../lib/gcc/arm-none-eabi/9.3.1/../../../../arm-none-eabi/lib/thumb/v7e-m+fp/hard\libc_nano.a(lib_a-mprec.o)
 .rodata._svfprintf_r.str1.1
                0x000000000800f8dc       0x11 d:/set stm32/stm32cubeide_1.7.0/stm32cubeide/plugins/com.st.stm32cube.ide.mcu.externaltools.gnu-tools-for-stm32.9-2020-q2-update.win32_2.0.0.202105311346/tools/bin/../lib/gcc/arm-none-eabi/9.3.1/../../../../arm-none-eabi/lib/thumb/v7e-m+fp/hard\libc_nano.a(lib_a-nano-svfprintf.o)
 .rodata.__assert_func.str1.1
                0x000000000800f8ed       0x3c d:/set stm32/stm32cubeide_1.7.0/stm32cubeide/plugins/com.st.stm32cube.ide.mcu.externaltools.gnu-tools-for-stm32.9-2020-q2-update.win32_2.0.0.202105311346/tools/bin/../lib/gcc/arm-none-eabi/9.3.1/../../../../arm-none-eabi/lib/thumb/v7e-m+fp/hard\libc_nano.a(lib_a-assert.o)
                                         0x3d (size before relaxing)
 .rodata._setlocale_r.str1.1
                0x000000000800f929        0x8 d:/set stm32/stm32cubeide_1.7.0/stm32cubeide/plugins/com.st.stm32cube.ide.mcu.externaltools.gnu-tools-for-stm32.9-2020-q2-update.win32_2.0.0.202105311346/tools/bin/../lib/gcc/arm-none-eabi/9.3.1/../../../../arm-none-eabi/lib/thumb/v7e-m+fp/hard\libc_nano.a(lib_a-locale.o)
                                          0x9 (size before relaxing)
 .rodata.str1.1
                0x000000000800f931        0x2 d:/set stm32/stm32cubeide_1.7.0/stm32cubeide/plugins/com.st.stm32cube.ide.mcu.externaltools.gnu-tools-for-stm32.9-2020-q2-update.win32_2.0.0.202105311346/tools/bin/../lib/gcc/arm-none-eabi/9.3.1/../../../../arm-none-eabi/lib/thumb/v7e-m+fp/hard\libc_nano.a(lib_a-locale.o)
 .rodata._vfprintf_r.str1.1
                0x000000000800f933       0x11 d:/set stm32/stm32cubeide_1.7.0/stm32cubeide/plugins/com.st.stm32cube.ide.mcu.externaltools.gnu-tools-for-stm32.9-2020-q2-update.win32_2.0.0.202105311346/tools/bin/../lib/gcc/arm-none-eabi/9.3.1/../../../../arm-none-eabi/lib/thumb/v7e-m+fp/hard\libc_nano.a(lib_a-nano-vfprintf.o)
 .rodata._ctype_
                0x000000000800f933      0x101 d:/set stm32/stm32cubeide_1.7.0/stm32cubeide/plugins/com.st.stm32cube.ide.mcu.externaltools.gnu-tools-for-stm32.9-2020-q2-update.win32_2.0.0.202105311346/tools/bin/../lib/gcc/arm-none-eabi/9.3.1/../../../../arm-none-eabi/lib/thumb/v7e-m+fp/hard\libc_nano.a(lib_a-ctype_.o)
                0x000000000800f933                _ctype_
 .rodata.__sf_fake_stderr