main.c:109:5:main	24	static
main.c:179:6:SystemClock_Config	88	static
main.c:219:6:system_init	8	static
main.c:238:6:test_LedDebug	8	static
main.c:245:6:test_LedY0	8	static
main.c:254:6:test_LedY1	8	static
main.c:263:6:test_Button	16	static
main.c:280:6:test_Output	8	static
main.c:296:6:test_Buzzer	8	static
main.c:306:6:test_Sim	8	static
main.c:312:6:test_ADC	24	static
main.c:332:6:displayTime	24	static
main.c:367:6:test_Uart1	8	static
main.c:381:6:test_Input	24	static
main.c:391:9:isButtonUp	4	static
main.c:398:6:test_Esp	32	static
main.c:412:9:isButtonDown	4	static
main.c:419:9:isButtonRight	4	static
main.c:426:9:isButtonLeft	4	static
main.c:433:9:isButtonEnter	4	static
main.c:440:9:isButtonBack	4	static
main.c:454:6:Error_Handler	4	static,ignoring_inline_asm
